Archive member included to satisfy reference by file (symbol)

app/libapp.a(main.c.obj)      (--whole-archive)
zephyr/libzephyr.a(validate_libc.c.obj)
                              (--whole-archive)
zephyr/libzephyr.a(heap.c.obj)
                              (--whole-archive)
zephyr/libzephyr.a(cbprintf_packaged.c.obj)
                              (--whole-archive)
zephyr/libzephyr.a(clock.c.obj)
                              (--whole-archive)
zephyr/libzephyr.a(printk.c.obj)
                              (--whole-archive)
zephyr/libzephyr.a(sem.c.obj)
                              (--whole-archive)
zephyr/libzephyr.a(thread_entry.c.obj)
                              (--whole-archive)
zephyr/libzephyr.a(cbprintf_complete.c.obj)
                              (--whole-archive)
zephyr/libzephyr.a(assert.c.obj)
                              (--whole-archive)
zephyr/libzephyr.a(dec.c.obj)
                              (--whole-archive)
zephyr/libzephyr.a(hex.c.obj)
                              (--whole-archive)
zephyr/libzephyr.a(rb.c.obj)  (--whole-archive)
zephyr/libzephyr.a(timeutil.c.obj)
                              (--whole-archive)
zephyr/libzephyr.a(bitarray.c.obj)
                              (--whole-archive)
zephyr/libzephyr.a(bitmask.c.obj)
                              (--whole-archive)
zephyr/libzephyr.a(ring_buffer.c.obj)
                              (--whole-archive)
zephyr/libzephyr.a(last_section_id.c.obj)
                              (--whole-archive)
zephyr/libzephyr.a(configs.c.obj)
                              (--whole-archive)
zephyr/libzephyr.a(stm32cube_hal.c.obj)
                              (--whole-archive)
zephyr/libzephyr.a(soc_config.c.obj)
                              (--whole-archive)
zephyr/libzephyr.a(stm32_backup_domain.c.obj)
                              (--whole-archive)
zephyr/libzephyr.a(soc.c.obj)
                              (--whole-archive)
zephyr/libzephyr.a(mem_attr.c.obj)
                              (--whole-archive)
zephyr/libzephyr.a(tracing_none.c.obj)
                              (--whole-archive)
zephyr/arch/common/libarch__common.a(sw_isr_common.c.obj)
                              (--whole-archive)
zephyr/arch/common/libarch__common.a(init.c.obj)
                              (--whole-archive)
zephyr/arch/common/libarch__common.a(xip.c.obj)
                              (--whole-archive)
zephyr/arch/arch/arm/core/libarch__arm__core.a(fatal.c.obj)
                              (--whole-archive)
zephyr/arch/arch/arm/core/libarch__arm__core.a(nmi.c.obj)
                              (--whole-archive)
zephyr/arch/arch/arm/core/libarch__arm__core.a(nmi_on_reset.S.obj)
                              (--whole-archive)
zephyr/arch/arch/arm/core/cortex_m/libarch__arm__core__cortex_m.a(exc_exit.c.obj)
                              (--whole-archive)
zephyr/arch/arch/arm/core/cortex_m/libarch__arm__core__cortex_m.a(fault.c.obj)
                              (--whole-archive)
zephyr/arch/arch/arm/core/cortex_m/libarch__arm__core__cortex_m.a(fault_s.S.obj)
                              (--whole-archive)
zephyr/arch/arch/arm/core/cortex_m/libarch__arm__core__cortex_m.a(fpu.c.obj)
                              (--whole-archive)
zephyr/arch/arch/arm/core/cortex_m/libarch__arm__core__cortex_m.a(reset.S.obj)
                              (--whole-archive)
zephyr/arch/arch/arm/core/cortex_m/libarch__arm__core__cortex_m.a(scb.c.obj)
                              (--whole-archive)
zephyr/arch/arch/arm/core/cortex_m/libarch__arm__core__cortex_m.a(thread_abort.c.obj)
                              (--whole-archive)
zephyr/arch/arch/arm/core/cortex_m/libarch__arm__core__cortex_m.a(vector_table.S.obj)
                              (--whole-archive)
zephyr/arch/arch/arm/core/cortex_m/libarch__arm__core__cortex_m.a(swap_helper.S.obj)
                              (--whole-archive)
zephyr/arch/arch/arm/core/cortex_m/libarch__arm__core__cortex_m.a(irq_manage.c.obj)
                              (--whole-archive)
zephyr/arch/arch/arm/core/cortex_m/libarch__arm__core__cortex_m.a(prep_c.c.obj)
                              (--whole-archive)
zephyr/arch/arch/arm/core/cortex_m/libarch__arm__core__cortex_m.a(thread.c.obj)
                              (--whole-archive)
zephyr/arch/arch/arm/core/cortex_m/libarch__arm__core__cortex_m.a(cpu_idle.c.obj)
                              (--whole-archive)
zephyr/arch/arch/arm/core/cortex_m/libarch__arm__core__cortex_m.a(irq_init.c.obj)
                              (--whole-archive)
zephyr/arch/arch/arm/core/cortex_m/libarch__arm__core__cortex_m.a(isr_wrapper.c.obj)
                              (--whole-archive)
zephyr/arch/arch/arm/core/mpu/libarch__arm__core__mpu.a(arm_core_mpu.c.obj)
                              (--whole-archive)
zephyr/arch/arch/arm/core/mpu/libarch__arm__core__mpu.a(arm_mpu.c.obj)
                              (--whole-archive)
zephyr/arch/arch/arm/core/mpu/libarch__arm__core__mpu.a(arm_mpu_regions.c.obj)
[...]
Memory Configuration

Name             Origin             Length             Attributes
FLASH            0x08000000         0x00040000         xr
RAM              0x20000000         0x00010000         xw
SRAM0            0x20000000         0x00010000         rw
IDT_LIST         0xffff7fff         0x00008000         xw
*default*        0x00000000         0xffffffff

Linker script and memory map

LOAD zephyr/CMakeFiles/zephyr_pre0.dir/misc/empty_file.c.obj
LOAD zephyr/CMakeFiles/offsets.dir/./arch/arm/core/offsets/offsets.c.obj
LOAD app/libapp.a
LOAD zephyr/libzephyr.a
LOAD zephyr/arch/common/libarch__common.a
LOAD zephyr/arch/arch/arm/core/libarch__arm__core.a
LOAD zephyr/arch/arch/arm/core/cortex_m/libarch__arm__core__cortex_m.a
LOAD zephyr/arch/arch/arm/core/mpu/libarch__arm__core__mpu.a
LOAD zephyr/lib/libc/picolibc/liblib__libc__picolibc.a
LOAD zephyr/lib/libc/common/liblib__libc__common.a
LOAD zephyr/drivers/interrupt_controller/libdrivers__interrupt_controller.a
LOAD zephyr/drivers/clock_control/libdrivers__clock_control.a
LOAD zephyr/drivers/console/libdrivers__console.a
LOAD zephyr/drivers/gpio/libdrivers__gpio.a
LOAD zephyr/drivers/pinctrl/libdrivers__pinctrl.a
LOAD zephyr/drivers/reset/libdrivers__reset.a
LOAD zephyr/drivers/serial/libdrivers__serial.a
LOAD zephyr/drivers/timer/libdrivers__timer.a
LOAD modules/hal_stm32/stm32cube/lib..__modules__hal__stm32__stm32cube.a
LOAD zephyr/kernel/libkernel.a
LOAD zephyr/arch/common/libisr_tables.a
LOAD /Users/andriasworld/Programming/iot-engineering/PlantCare/build/modules/picolibc/libc.a
LOAD /opt/homebrew/Cellar/arm-none-eabi-gcc/15.2.0/lib/gcc/arm-none-eabi/15.2.0/thumb/v7e-m/nofp/libgcc.a
                0x00000020                        _region_min_align = 0x20

.rel.plt        0x08000000        0x0
 *(SORT_BY_ALIGNMENT(.rel.plt))
                [!provide]                        PROVIDE (__rel_iplt_start = .)
 *(SORT_BY_ALIGNMENT(.rel.iplt))
 .rel.iplt      0x08000000        0x0 app/libapp.a(main.c.obj)
                [!provide]                        PROVIDE (__rel_iplt_end = .)

.rela.plt       0x00000000        0x0
 *(SORT_BY_ALIGNMENT(.rela.plt))
                [!provide]                        PROVIDE (__rela_iplt_start = .)
 *(SORT_BY_ALIGNMENT(.rela.iplt))
                [!provide]                        PROVIDE (__rela_iplt_end = .)

.rel.dyn
 *(SORT_BY_ALIGNMENT(.rel.*))

.rela.dyn
 *(SORT_BY_ALIGNMENT(.rela.*))

/DISCARD/
 *(SORT_BY_ALIGNMENT(.plt))

/DISCARD/
 *(SORT_BY_ALIGNMENT(.iplt))
                0x08000000                        __rom_region_start = 0x8000000

rom_start       0x08000000      0x138
                0x08000000                        __rom_start_address = .
 FILL mask 0x00
                0x08000000                        . = (. + (0x0 - (. - __rom_start_address)))
                0x08000000                        . = ALIGN (0x4)
                0x08000000                        . = ALIGN (0x80)
                0x08000000                        . = ALIGN (0x200)
                0x08000000                        _vector_start = .
 *(SORT_BY_ALIGNMENT(.exc_vector_table))
 *(SORT_BY_ALIGNMENT(.exc_vector_table.*))
 .exc_vector_table._vector_table_section
                0x08000000       0x40 zephyr/arch/arch/arm/core/cortex_m/libarch__arm__core__cortex_m.a(vector_table.S.obj)
                0x08000000                _vector_table
 *(SORT_BY_ALIGNMENT(.vectors))
                0x08000138                        _vector_end = .
                0x08000040                        . = ALIGN (0x4)
 *(SORT_BY_ALIGNMENT(.gnu.linkonce.irq_vector_table*))
 .gnu.linkonce.irq_vector_table
                0x08000040       0xf8 zephyr/arch/common/libisr_tables.a(isr_tables.c.obj)
                0x08000040                _irq_vector_table
                0x08000138                        _vector_end = .

text            0x08000138     0x3960
                0x08000138                        __text_region_start = .
 *(SORT_BY_ALIGNMENT(.text))
 .text          0x08000138       0x30 /opt/homebrew/Cellar/arm-none-eabi-gcc/15.2.0/lib/gcc/arm-none-eabi/15.2.0/thumb/v7e-m/nofp/libgcc.a(_aeabi_uldivmod.o)
                0x08000138                __aeabi_uldivmod
 .text          0x08000168      0x310 /opt/homebrew/Cellar/arm-none-eabi-gcc/15.2.0/lib/gcc/arm-none-eabi/15.2.0/thumb/v7e-m/nofp/libgcc.a(_udivmoddi4.o)
                0x08000168                __udivmoddi4
 .text          0x08000478        0x4 /opt/homebrew/Cellar/arm-none-eabi-gcc/15.2.0/lib/gcc/arm-none-eabi/15.2.0/thumb/v7e-m/nofp/libgcc.a(_dvmd_tls.o)
                0x08000478                __aeabi_ldiv0
                0x08000478                __aeabi_idiv0
 *(SORT_BY_ALIGNMENT(.text.*))
 .text.main     0x0800047c       0x18 app/libapp.a(main.c.obj)
                0x0800047c                main
 .text.char_out
                0x08000494        0xc zephyr/libzephyr.a(printk.c.obj)
 .text.__printk_hook_install
                0x080004a0        0xc zephyr/libzephyr.a(printk.c.obj)
                0x080004a0                __printk_hook_install
 .text.vprintk  0x080004ac       0x30 zephyr/libzephyr.a(printk.c.obj)
                0x080004ac                vprintk
 .text.st_stm32_common_config
                0x080004dc       0x14 zephyr/libzephyr.a(soc_config.c.obj)
 .text.stm32_backup_domain_enable_access
                0x080004f0       0x3c zephyr/libzephyr.a(stm32_backup_domain.c.obj)
                0x080004f0                stm32_backup_domain_enable_access
 .text.stm32_backup_domain_disable_access
                0x0800052c       0x60 zephyr/libzephyr.a(stm32_backup_domain.c.obj)
                0x0800052c                stm32_backup_domain_disable_access
 .text.soc_early_init_hook
                0x0800058c       0x30 zephyr/libzephyr.a(soc.c.obj)
                0x0800058c                soc_early_init_hook
 .text.mem_attr_get_regions
                0x080005bc        0xc zephyr/libzephyr.a(mem_attr.c.obj)
                0x080005bc                mem_attr_get_regions
 .text.arch_bss_zero
                0x080005c8       0x18 zephyr/arch/common/libarch__common.a(init.c.obj)
                0x080005c8                arch_bss_zero
 .text.arch_data_copy
                0x080005e0       0x38 zephyr/arch/common/libarch__common.a(xip.c.obj)
                0x080005e0                arch_data_copy
 .text.z_arm_fatal_error
                0x08000618       0x60 zephyr/arch/arch/arm/core/libarch__arm__core.a(fatal.c.obj)
                0x08000618                z_arm_fatal_error
 .text.z_SysNmiOnReset
                0x08000678        0x8 zephyr/arch/arch/arm/core/libarch__arm__core.a(nmi_on_reset.S.obj)
                0x08000678                z_SysNmiOnReset
 .text._HandlerModeExit
                0x08000680       0x20 zephyr/arch/arch/arm/core/cortex_m/libarch__arm__core__cortex_m.a(exc_exit.c.obj)
                0x08000680                z_arm_exc_exit
                0x08000680                z_arm_int_exit
 .text.mem_manage_fault
                0x080006a0       0xd0 zephyr/arch/arch/arm/core/cortex_m/libarch__arm__core__cortex_m.a(fault.c.obj)
 .text.usage_fault.isra.0
                0x08000770       0x98 zephyr/arch/arch/arm/core/cortex_m/libarch__arm__core__cortex_m.a(fault.c.obj)
 .text.bus_fault.isra.0
                0x08000808       0xa4 zephyr/arch/arch/arm/core/cortex_m/libarch__arm__core__cortex_m.a(fault.c.obj)
 .text.z_arm_fault
                0x080008ac      0x19c zephyr/arch/arch/arm/core/cortex_m/libarch__arm__core__cortex_m.a(fault.c.obj)
                0x080008ac                z_arm_fault
 .text.z_arm_fault_init
                0x08000a48       0x18 zephyr/arch/arch/arm/core/cortex_m/libarch__arm__core__cortex_m.a(fault.c.obj)
                0x08000a48                z_arm_fault_init
 .text.__fault  0x08000a60       0x14 zephyr/arch/arch/arm/core/cortex_m/libarch__arm__core__cortex_m.a(fault_s.S.obj)
                0x08000a60                z_arm_bus_fault
                0x08000a60                z_arm_usage_fault
                0x08000a60                z_arm_mpu_fault
                0x08000a60                z_arm_exc_spurious
                0x08000a60                z_arm_debug_monitor
                0x08000a60                z_arm_hard_fault
 .text._reset_section
                0x08000a74       0x34 zephyr/arch/arch/arm/core/cortex_m/libarch__arm__core__cortex_m.a(reset.S.obj)
                0x08000a74                z_arm_reset
                0x08000a74                __start
 .text.z_impl_k_thread_abort
                0x08000aa8       0x2c zephyr/arch/arch/arm/core/cortex_m/libarch__arm__core__cortex_m.a(thread_abort.c.obj)
                0x08000aa8                z_impl_k_thread_abort
 .text.z_arm_pendsv
                0x08000ad4       0x54 zephyr/arch/arch/arm/core/cortex_m/libarch__arm__core__cortex_m.a(swap_helper.S.obj)
                0x08000ad4                z_arm_pendsv
 .text.z_arm_svc
                0x08000b28       0x24 zephyr/arch/arch/arm/core/cortex_m/libarch__arm__core__cortex_m.a(swap_helper.S.obj)
                0x08000b28                z_arm_svc
 .text.arm_irq_enable
                0x08000b4c       0x1c zephyr/arch/arch/arm/core/cortex_m/libarch__arm__core__cortex_m.a(irq_manage.c.obj)
                0x08000b4c                arm_irq_enable
 .text.arm_irq_priority_set
                0x08000b68       0x2c zephyr/arch/arch/arm/core/cortex_m/libarch__arm__core__cortex_m.a(irq_manage.c.obj)
                0x08000b68                arm_irq_priority_set
 .text.relocate_vector_table
                0x08000b94       0x1c zephyr/arch/arch/arm/core/cortex_m/libarch__arm__core__cortex_m.a(prep_c.c.obj)
                0x08000b94                relocate_vector_table
 .text.arch_new_thread
                0x08000bb0       0x38 zephyr/arch/arch/arm/core/cortex_m/libarch__arm__core__cortex_m.a(thread.c.obj)
                0x08000bb0                arch_new_thread
 .text.z_check_thread_stack_fail
                0x08000be8       0x2c zephyr/arch/arch/arm/core/cortex_m/libarch__arm__core__cortex_m.a(thread.c.obj)
                0x08000be8                z_check_thread_stack_fail
 .text.arch_switch_to_main_thread
                0x08000c14       0x34 zephyr/arch/arch/arm/core/cortex_m/libarch__arm__core__cortex_m.a(thread.c.obj)
                0x08000c14                arch_switch_to_main_thread
 .text.z_arm_cpu_idle_init
                0x08000c48        0xc zephyr/arch/arch/arm/core/cortex_m/libarch__arm__core__cortex_m.a(cpu_idle.c.obj)
                0x08000c48                z_arm_cpu_idle_init
 .text._isr_wrapper
                0x08000c54       0x24 zephyr/arch/arch/arm/core/cortex_m/libarch__arm__core__cortex_m.a(isr_wrapper.c.obj)
                0x08000c54                _isr_wrapper
 .text.z_arm_configure_static_mpu_regions
                0x08000c78       0x18 zephyr/arch/arch/arm/core/mpu/libarch__arm__core__mpu.a(arm_core_mpu.c.obj)
                0x08000c78                z_arm_configure_static_mpu_regions
 .text.z_arm_configure_dynamic_mpu_regions
                0x08000c90       0x20 zephyr/arch/arch/arm/core/mpu/libarch__arm__core__mpu.a(arm_core_mpu.c.obj)
                0x08000c90                z_arm_configure_dynamic_mpu_regions
 .text.region_init
                0x08000cb0       0x28 zephyr/arch/arch/arm/core/mpu/libarch__arm__core__mpu.a(arm_mpu.c.obj)
 .text.mpu_configure_regions
                0x08000cd8       0x68 zephyr/arch/arch/arm/core/mpu/libarch__arm__core__mpu.a(arm_mpu.c.obj)
 .text.arm_core_mpu_enable
                0x08000d40       0x18 zephyr/arch/arch/arm/core/mpu/libarch__arm__core__mpu.a(arm_mpu.c.obj)
                0x08000d40                arm_core_mpu_enable
 .text.arm_core_mpu_disable
                0x08000d58       0x14 zephyr/arch/arch/arm/core/mpu/libarch__arm__core__mpu.a(arm_mpu.c.obj)
                0x08000d58                arm_core_mpu_disable
 .text.arm_core_mpu_configure_static_mpu_regions
                0x08000d6c       0x14 zephyr/arch/arch/arm/core/mpu/libarch__arm__core__mpu.a(arm_mpu.c.obj)
                0x08000d6c                arm_core_mpu_configure_static_mpu_regions
 .text.arm_core_mpu_configure_dynamic_mpu_regions
                0x08000d80       0x38 zephyr/arch/arch/arm/core/mpu/libarch__arm__core__mpu.a(arm_mpu.c.obj)
                0x08000d80                arm_core_mpu_configure_dynamic_mpu_regions
 .text.z_arm_mpu_init
                0x08000db8      0x15c zephyr/arch/arch/arm/core/mpu/libarch__arm__core__mpu.a(arm_mpu.c.obj)
                0x08000db8                z_arm_mpu_init
 .text.z_impl_zephyr_fputc
                0x08000f14       0x10 zephyr/lib/libc/picolibc/liblib__libc__picolibc.a(stdio.c.obj)
                0x08000f14                z_impl_zephyr_fputc
 .text.__stdout_hook_install
                0x08000f24       0x18 zephyr/lib/libc/picolibc/liblib__libc__picolibc.a(stdio.c.obj)
                0x08000f24                __stdout_hook_install
 .text.malloc_prepare
                0x08000f3c       0x24 zephyr/lib/libc/common/liblib__libc__common.a(malloc.c.obj)
 .text.stm32_fill_irq_table
                0x08000f60       0x18 zephyr/drivers/interrupt_controller/libdrivers__interrupt_controller.a(intc_gpio_stm32.c.obj)
 .text.stm32_intc_gpio_isr
                0x08000f78       0x4c zephyr/drivers/interrupt_controller/libdrivers__interrupt_controller.a(intc_gpio_stm32.c.obj)
 .text.stm32_gpio_intc_enable_line
                0x08000fc4       0x30 zephyr/drivers/interrupt_controller/libdrivers__interrupt_controller.a(intc_gpio_stm32.c.obj)
                0x08000fc4                stm32_gpio_intc_enable_line
 .text.stm32_gpio_intc_disable_line
                0x08000ff4       0x14 zephyr/drivers/interrupt_controller/libdrivers__interrupt_controller.a(intc_gpio_stm32.c.obj)
                0x08000ff4                stm32_gpio_intc_disable_line
 .text.stm32_gpio_intc_select_line_trigger
                0x08001008       0x50 zephyr/drivers/interrupt_controller/libdrivers__interrupt_controller.a(intc_gpio_stm32.c.obj)
                0x08001008                stm32_gpio_intc_select_line_trigger
 .text.stm32_gpio_intc_set_irq_callback
                0x08001058       0x40 zephyr/drivers/interrupt_controller/libdrivers__interrupt_controller.a(intc_gpio_stm32.c.obj)
                0x08001058                stm32_gpio_intc_set_irq_callback
 .text.stm32_gpio_intc_remove_irq_callback
                0x08001098       0x24 zephyr/drivers/interrupt_controller/libdrivers__interrupt_controller.a(intc_gpio_stm32.c.obj)
                0x08001098                stm32_gpio_intc_remove_irq_callback
 .text.stm32_exti_get_line_src_port
                0x080010bc       0x34 zephyr/drivers/interrupt_controller/libdrivers__interrupt_controller.a(intc_gpio_stm32.c.obj)
                0x080010bc                stm32_exti_get_line_src_port
 .text.stm32_exti_init
                0x080010f0       0x38 zephyr/drivers/interrupt_controller/libdrivers__interrupt_controller.a(intc_exti_stm32.c.obj)
 .text.stm32_exti_is_pending
                0x08001128       0x28 zephyr/drivers/interrupt_controller/libdrivers__interrupt_controller.a(intc_exti_stm32.c.obj)
                0x08001128                stm32_exti_is_pending
 .text.stm32_exti_clear_pending
                0x08001150       0x28 zephyr/drivers/interrupt_controller/libdrivers__interrupt_controller.a(intc_exti_stm32.c.obj)
                0x08001150                stm32_exti_clear_pending
 .text.stm32_clock_control_get_subsys_rate
                0x08001178       0xb4 zephyr/drivers/clock_control/libdrivers__clock_control.a(clock_stm32_ll_common.c.obj)
 .text.stm32_clock_control_init
                0x0800122c      0x190 zephyr/drivers/clock_control/libdrivers__clock_control.a(clock_stm32_ll_common.c.obj)
                0x0800122c                stm32_clock_control_init
 .text.get_pllsrc_frequency
                0x080013bc        0x8 zephyr/drivers/clock_control/libdrivers__clock_control.a(clock_stm32l4_l5_wb_wl.c.obj)
                0x080013bc                get_pllsrc_frequency
 .text.config_pll_sysclock
                0x080013c4       0x24 zephyr/drivers/clock_control/libdrivers__clock_control.a(clock_stm32l4_l5_wb_wl.c.obj)
                0x080013c4                config_pll_sysclock
 .text.uart_console_init
                0x080013e8       0x28 zephyr/drivers/console/libdrivers__console.a(uart_console.c.obj)
 .text.console_out
                0x08001410       0x28 zephyr/drivers/console/libdrivers__console.a(uart_console.c.obj)
 .text.gpio_stm32_pin_interrupt_configure
                0x08001438       0xa8 zephyr/drivers/gpio/libdrivers__gpio.a(gpio_stm32.c.obj)
 .text.gpio_stm32_init
                0x080014e0       0x38 zephyr/drivers/gpio/libdrivers__gpio.a(gpio_stm32.c.obj)
 .text.pinctrl_configure_pins
                0x08001518       0x84 zephyr/drivers/pinctrl/libdrivers__pinctrl.a(pinctrl_stm32.c.obj)
                0x08001518                pinctrl_configure_pins
 .text.uart_stm32_cfg2ll_stopbits
                0x0800159c       0x38 zephyr/drivers/serial/libdrivers__serial.a(uart_stm32.c.obj)
 .text.lpuartdiv_calc
                0x080015d4       0x30 zephyr/drivers/serial/libdrivers__serial.a(uart_stm32.c.obj)
                0x080015d4                lpuartdiv_calc
 .text.uart_stm32_set_baudrate
                0x08001604       0xbc zephyr/drivers/serial/libdrivers__serial.a(uart_stm32.c.obj)
 .text.uart_stm32_configure
                0x080016c0       0xe8 zephyr/drivers/serial/libdrivers__serial.a(uart_stm32.c.obj)
 .text.uart_stm32_init
                0x080017a8      0x144 zephyr/drivers/serial/libdrivers__serial.a(uart_stm32.c.obj)
 .text.elapsed  0x080018ec       0x44 zephyr/drivers/timer/libdrivers__timer.a(cortex_m_systick.c.obj)
 .text.sys_clock_driver_init
                0x08001930       0x38 zephyr/drivers/timer/libdrivers__timer.a(cortex_m_systick.c.obj)
 .text.sys_clock_isr
                0x08001968       0x50 zephyr/drivers/timer/libdrivers__timer.a(cortex_m_systick.c.obj)
                0x08001968                sys_clock_isr
 .text.sys_clock_set_timeout
                0x080019b8       0xe4 zephyr/drivers/timer/libdrivers__timer.a(cortex_m_systick.c.obj)
                0x080019b8                sys_clock_set_timeout
 .text.sys_clock_elapsed
                0x08001a9c       0x3c zephyr/drivers/timer/libdrivers__timer.a(cortex_m_systick.c.obj)
                0x08001a9c                sys_clock_elapsed
 .text.HAL_RCC_GetSysClockFreq
                0x08001ad8       0xe4 modules/hal_stm32/stm32cube/lib..__modules__hal__stm32__stm32cube.a(stm32wlxx_hal_rcc.c.obj)
                0x08001ad8                HAL_RCC_GetSysClockFreq
 .text.LL_SetFlashLatency
                0x08001bbc       0xa8 modules/hal_stm32/stm32cube/lib..__modules__hal__stm32__stm32cube.a(stm32wlxx_ll_utils.c.obj)
                0x08001bbc                LL_SetFlashLatency
 .text.z_fatal_error
                0x08001c64       0x30 zephyr/kernel/libkernel.a(fatal.c.obj)
                0x08001c64                z_fatal_error
 .text.z_sys_init_run_level
                0x08001c94       0x30 zephyr/kernel/libkernel.a(init.c.obj)
 .text.bg_thread_main
                0x08001cc4       0xb0 zephyr/kernel/libkernel.a(init.c.obj)
 .text.z_init_cpu
                0x08001d74       0x70 zephyr/kernel/libkernel.a(init.c.obj)
                0x08001d74                z_init_cpu
 .text.z_cstart
                0x08001de4       0xcc zephyr/kernel/libkernel.a(init.c.obj)
                0x08001de4                z_cstart
 .text.z_setup_new_thread
                0x08001eb0       0x7c zephyr/kernel/libkernel.a(thread.c.obj)
                0x08001eb0                z_setup_new_thread
 .text.z_dummy_thread_init
                0x08001f2c       0x18 zephyr/kernel/libkernel.a(thread.c.obj)
                0x08001f2c                z_dummy_thread_init
 .text.z_swap_irqlock
                0x08001f44       0x30 zephyr/kernel/libkernel.a(sched.c.obj)
 .text.ready_thread
                0x08001f74       0x80 zephyr/kernel/libkernel.a(sched.c.obj)
 .text.unready_thread
                0x08001ff4       0x54 zephyr/kernel/libkernel.a(sched.c.obj)
 .text.move_thread_to_end_of_prio_q
                0x08002048       0x90 zephyr/kernel/libkernel.a(sched.c.obj)
                0x08002048                move_thread_to_end_of_prio_q
 .text.z_reschedule
                0x080020d8       0x24 zephyr/kernel/libkernel.a(sched.c.obj)
                0x080020d8                z_reschedule
 .text.z_reschedule_irqlock
                0x080020fc       0x28 zephyr/kernel/libkernel.a(sched.c.obj)
                0x080020fc                z_reschedule_irqlock
 .text.k_sched_lock
                0x08002124       0x28 zephyr/kernel/libkernel.a(sched.c.obj)
                0x08002124                k_sched_lock
 .text.k_sched_unlock
                0x0800214c       0x74 zephyr/kernel/libkernel.a(sched.c.obj)
                0x0800214c                k_sched_unlock
 .text.z_sched_init
                0x080021c0       0x10 zephyr/kernel/libkernel.a(sched.c.obj)
                0x080021c0                z_sched_init
 .text.z_impl_k_yield
                0x080021d0       0x84 zephyr/kernel/libkernel.a(sched.c.obj)
                0x080021d0                z_impl_k_yield
 .text.z_tick_sleep
                0x08002254       0x78 zephyr/kernel/libkernel.a(sched.c.obj)
 .text.z_impl_k_wakeup
                0x080022cc       0x48 zephyr/kernel/libkernel.a(sched.c.obj)
                0x080022cc                z_impl_k_wakeup
 .text.z_impl_k_sched_current_thread_query
                0x08002314        0xc zephyr/kernel/libkernel.a(sched.c.obj)
                0x08002314                z_impl_k_sched_current_thread_query
 .text.z_thread_abort
                0x08002320      0x140 zephyr/kernel/libkernel.a(sched.c.obj)
                0x08002320                z_thread_abort
 .text.slice_timeout
                0x08002460       0x20 zephyr/kernel/libkernel.a(timeslicing.c.obj)
 .text.thread_is_sliceable
                0x08002480       0x3c zephyr/kernel/libkernel.a(timeslicing.c.obj)
                0x08002480                thread_is_sliceable
 .text.z_reset_time_slice
                0x080024bc       0x50 zephyr/kernel/libkernel.a(timeslicing.c.obj)
                0x080024bc                z_reset_time_slice
 .text.z_time_slice
                0x0800250c       0x60 zephyr/kernel/libkernel.a(timeslicing.c.obj)
                0x0800250c                z_time_slice
 .text.first    0x0800256c       0x10 zephyr/kernel/libkernel.a(timeout.c.obj)
 .text.elapsed  0x0800257c       0x14 zephyr/kernel/libkernel.a(timeout.c.obj)
 .text.remove_timeout
                0x08002590       0x38 zephyr/kernel/libkernel.a(timeout.c.obj)
 .text.z_add_timeout
                0x080025c8      0x124 zephyr/kernel/libkernel.a(timeout.c.obj)
                0x080025c8                z_add_timeout
 .text.sys_clock_announce
                0x080026ec       0xbc zephyr/kernel/libkernel.a(timeout.c.obj)
                0x080026ec                sys_clock_announce
 .text.sys_clock_tick_get
                0x080027a8       0x30 zephyr/kernel/libkernel.a(timeout.c.obj)
                0x080027a8                sys_clock_tick_get
 .text.boot_banner
                0x080027d8        0xc zephyr/kernel/libkernel.a(banner.c.obj)
                0x080027d8                boot_banner
 .text.skip_to_arg
                0x080027e4      0x130 /Users/andriasworld/Programming/iot-engineering/PlantCare/build/modules/picolibc/libc.a(vflprintf.c.obj)
 .text.vfprintf
                0x08002914      0x540 /Users/andriasworld/Programming/iot-engineering/PlantCare/build/modules/picolibc/libc.a(vflprintf.c.obj)
                0x08002914                __l_vfprintf
                0x08002914                vfprintf
 .text._OffsetAbsSyms
                0x08002e54        0x2 zephyr/CMakeFiles/offsets.dir/./arch/arm/core/offsets/offsets.c.obj
                0x08002e54                _OffsetAbsSyms
 .text.chunk_size
                0x08002e56        0xa zephyr/libzephyr.a(heap.c.obj)
 .text.free_list_add
                0x08002e60       0x44 zephyr/libzephyr.a(heap.c.obj)
 .text.sys_heap_init
                0x08002ea4       0x6c zephyr/libzephyr.a(heap.c.obj)
                0x08002ea4                sys_heap_init
 .text.arch_printk_char_out
                0x08002f10        0x4 zephyr/libzephyr.a(printk.c.obj)
                0x08002f10                arch_printk_char_out
 .text.printk   0x08002f14       0x1a zephyr/libzephyr.a(printk.c.obj)
                0x08002f14                printk
 .text.z_thread_entry
                0x08002f2e       0x14 zephyr/libzephyr.a(thread_entry.c.obj)
                0x08002f2e                z_thread_entry
 .text._ConfigAbsSyms
                0x08002f42        0x2 zephyr/libzephyr.a(configs.c.obj)
                0x08002f42                _ConfigAbsSyms
 .text.arch_early_memset
                0x08002f44        0x4 zephyr/arch/common/libarch__common.a(init.c.obj)
                0x08002f44                arch_early_memset
 .text.arch_early_memcpy
                0x08002f48        0x4 zephyr/arch/common/libarch__common.a(init.c.obj)
                0x08002f48                arch_early_memcpy
 .text.z_do_kernel_oops
                0x08002f4c        0x8 zephyr/arch/arch/arm/core/libarch__arm__core.a(fatal.c.obj)
                0x08002f4c                z_do_kernel_oops
 .text.z_arm_nmi
                0x08002f54        0xe zephyr/arch/arch/arm/core/libarch__arm__core.a(nmi.c.obj)
                0x08002f54                z_arm_nmi
 .text.z_irq_spurious
                0x08002f62        0x8 zephyr/arch/arch/arm/core/cortex_m/libarch__arm__core__cortex_m.a(irq_manage.c.obj)
                0x08002f62                z_irq_spurious
 .text.z_prep_c
                0x08002f6a       0x16 zephyr/arch/arch/arm/core/cortex_m/libarch__arm__core__cortex_m.a(prep_c.c.obj)
                0x08002f6a                z_prep_c
 .text.arch_coprocessors_disable
                0x08002f80        0x6 zephyr/arch/arch/arm/core/cortex_m/libarch__arm__core__cortex_m.a(thread.c.obj)
                0x08002f80                arch_coprocessors_disable
 .text.arch_irq_unlock_outlined
                0x08002f86        0xe zephyr/arch/arch/arm/core/cortex_m/libarch__arm__core__cortex_m.a(thread.c.obj)
                0x08002f86                arch_irq_unlock_outlined
 .text.arch_cpu_idle
                0x08002f94       0x1a zephyr/arch/arch/arm/core/cortex_m/libarch__arm__core__cortex_m.a(cpu_idle.c.obj)
                0x08002f94                arch_cpu_idle
 .text.z_arm_interrupt_init
                0x08002fae       0x18 zephyr/arch/arch/arm/core/cortex_m/libarch__arm__core__cortex_m.a(irq_init.c.obj)
                0x08002fae                z_arm_interrupt_init
 .text.size_to_mpu_rasr_size
                0x08002fc6       0x20 zephyr/arch/arch/arm/core/mpu/libarch__arm__core__mpu.a(arm_mpu.c.obj)
 .text.picolibc_put
                0x08002fe6        0x4 zephyr/lib/libc/picolibc/liblib__libc__picolibc.a(stdio.c.obj)
 .text.stm32_exti_gpio_intc_init
                0x08002fea       0x92 zephyr/drivers/interrupt_controller/libdrivers__interrupt_controller.a(intc_gpio_stm32.c.obj)
 .text.stm32_gpio_intc_get_pin_irq_line
                0x0800307c        0xa zephyr/drivers/interrupt_controller/libdrivers__interrupt_controller.a(intc_gpio_stm32.c.obj)
                0x0800307c                stm32_gpio_intc_get_pin_irq_line
 .text.stm32_exti_set_line_src_port
                0x08003086       0x3c zephyr/drivers/interrupt_controller/libdrivers__interrupt_controller.a(intc_gpio_stm32.c.obj)
                0x08003086                stm32_exti_set_line_src_port
 .text.LL_RCC_HSI_IsReady
                0x080030c2        0xc zephyr/drivers/clock_control/libdrivers__clock_control.a(clock_stm32_ll_common.c.obj)
 .text.stm32_clock_control_on
                0x080030ce       0x3c zephyr/drivers/clock_control/libdrivers__clock_control.a(clock_stm32_ll_common.c.obj)
 .text.stm32_clock_control_off
                0x0800310a       0x28 zephyr/drivers/clock_control/libdrivers__clock_control.a(clock_stm32_ll_common.c.obj)
 .text.enabled_clock
                0x08003132       0x20 zephyr/drivers/clock_control/libdrivers__clock_control.a(clock_stm32_ll_common.c.obj)
                0x08003132                enabled_clock
 .text.stm32_clock_control_configure
                0x08003152       0x4c zephyr/drivers/clock_control/libdrivers__clock_control.a(clock_stm32_ll_common.c.obj)
 .text.stm32_clock_control_get_status
                0x0800319e       0x34 zephyr/drivers/clock_control/libdrivers__clock_control.a(clock_stm32_ll_common.c.obj)
 .text.config_regulator_voltage
                0x080031d2        0x2 zephyr/drivers/clock_control/libdrivers__clock_control.a(clock_stm32_ll_common.c.obj)
                0x080031d2                config_regulator_voltage
 .text.config_enable_default_clocks
                0x080031d4        0x2 zephyr/drivers/clock_control/libdrivers__clock_control.a(clock_stm32l4_l5_wb_wl.c.obj)
                0x080031d4                config_enable_default_clocks
 .text.gpio_stm32_port_get_raw
                0x080031d6        0xc zephyr/drivers/gpio/libdrivers__gpio.a(gpio_stm32.c.obj)
 .text.gpio_stm32_port_set_masked_raw
                0x080031e2       0x12 zephyr/drivers/gpio/libdrivers__gpio.a(gpio_stm32.c.obj)
 .text.gpio_stm32_port_set_bits_raw
                0x080031f4        0xa zephyr/drivers/gpio/libdrivers__gpio.a(gpio_stm32.c.obj)
 .text.gpio_stm32_port_clear_bits_raw
                0x080031fe        0xa zephyr/drivers/gpio/libdrivers__gpio.a(gpio_stm32.c.obj)
 .text.gpio_stm32_port_toggle_bits
                0x08003208        0xe zephyr/drivers/gpio/libdrivers__gpio.a(gpio_stm32.c.obj)
 .text.gpio_stm32_manage_callback
                0x08003216       0x54 zephyr/drivers/gpio/libdrivers__gpio.a(gpio_stm32.c.obj)
 .text.gpio_stm32_configure_raw.isra.0
                0x0800326a      0x104 zephyr/drivers/gpio/libdrivers__gpio.a(gpio_stm32.c.obj)
 .text.gpio_stm32_config
                0x0800336e       0xd6 zephyr/drivers/gpio/libdrivers__gpio.a(gpio_stm32.c.obj)
 .text.gpio_stm32_isr
                0x08003444       0x2c zephyr/drivers/gpio/libdrivers__gpio.a(gpio_stm32.c.obj)
 .text.gpio_stm32_configure
                0x08003470       0x2a zephyr/drivers/gpio/libdrivers__gpio.a(gpio_stm32.c.obj)
                0x08003470                gpio_stm32_configure
 .text.pinctrl_lookup_state
                0x0800349a       0x26 zephyr/drivers/pinctrl/libdrivers__pinctrl.a(common.c.obj)
                0x0800349a                pinctrl_lookup_state
 .text.reset_stm32_status
                0x080034c0       0x20 zephyr/drivers/reset/libdrivers__reset.a(reset_stm32.c.obj)
 .text.reset_stm32_line_assert
                0x080034e0       0x1c zephyr/drivers/reset/libdrivers__reset.a(reset_stm32.c.obj)
 .text.reset_stm32_line_deassert
                0x080034fc       0x1e zephyr/drivers/reset/libdrivers__reset.a(reset_stm32.c.obj)
 .text.reset_stm32_line_toggle
                0x0800351a       0x16 zephyr/drivers/reset/libdrivers__reset.a(reset_stm32.c.obj)
 .text.uart_stm32_ll2cfg_databits
                0x08003530       0x2a zephyr/drivers/serial/libdrivers__serial.a(uart_stm32.c.obj)
 .text.uart_stm32_err_check
                0x0800355a       0x5a zephyr/drivers/serial/libdrivers__serial.a(uart_stm32.c.obj)
 .text.uart_stm32_poll_out
                0x080035b4       0x36 zephyr/drivers/serial/libdrivers__serial.a(uart_stm32.c.obj)
 .text.uart_stm32_poll_in
                0x080035ea       0x20 zephyr/drivers/serial/libdrivers__serial.a(uart_stm32.c.obj)
 .text.uart_stm32_config_get
                0x0800360a       0x92 zephyr/drivers/serial/libdrivers__serial.a(uart_stm32.c.obj)
 .text.uart_stm32_parameters_set
                0x0800369c      0x144 zephyr/drivers/serial/libdrivers__serial.a(uart_stm32.c.obj)
 .text.do_device_init
                0x080037e0       0x30 zephyr/kernel/libkernel.a(device.c.obj)
                0x080037e0                do_device_init
 .text.z_impl_device_is_ready
                0x08003810       0x16 zephyr/kernel/libkernel.a(device.c.obj)
                0x08003810                z_impl_device_is_ready
 .text.arch_system_halt
                0x08003826       0x10 zephyr/kernel/libkernel.a(fatal.c.obj)
                0x08003826                arch_system_halt
 .text.k_sys_fatal_error_handler
                0x08003836        0x6 zephyr/kernel/libkernel.a(fatal.c.obj)
                0x08003836                k_sys_fatal_error_handler
 .text.idle     0x0800383c       0x16 zephyr/kernel/libkernel.a(idle.c.obj)
                0x0800383c                idle
 .text.sys_dlist_remove
                0x08003852       0x10 zephyr/kernel/libkernel.a(sched.c.obj)
 .text.unpend_thread_no_timeout
                0x08003862       0x14 zephyr/kernel/libkernel.a(sched.c.obj)
 .text.z_ready_thread
                0x08003876       0x1e zephyr/kernel/libkernel.a(sched.c.obj)
                0x08003876                z_ready_thread
 .text.z_sched_wake_thread
                0x08003894       0x3c zephyr/kernel/libkernel.a(sched.c.obj)
                0x08003894                z_sched_wake_thread
 .text.z_thread_timeout
                0x080038d0        0x8 zephyr/kernel/libkernel.a(sched.c.obj)
                0x080038d0                z_thread_timeout
 .text.z_impl_k_sleep
                0x080038d8       0x36 zephyr/kernel/libkernel.a(sched.c.obj)
                0x080038d8                z_impl_k_sleep
 .text.next_timeout
                0x0800390e       0x2c zephyr/kernel/libkernel.a(timeout.c.obj)
 .text.z_abort_timeout
                0x0800393a       0x50 zephyr/kernel/libkernel.a(timeout.c.obj)
                0x0800393a                z_abort_timeout
 .text.sys_clock_tick_get_32
                0x0800398a        0x8 zephyr/kernel/libkernel.a(timeout.c.obj)
                0x0800398a                sys_clock_tick_get_32
 .text.memcpy   0x08003992       0x1c /Users/andriasworld/Programming/iot-engineering/PlantCare/build/modules/picolibc/libc.a(memcpy.c.obj)
                0x08003992                memcpy
                0x08003992                __aeabi_memcpy
                0x08003992                __aeabi_memcpy4
                0x08003992                __aeabi_memcpy8
 .text.memset   0x080039ae       0x10 /Users/andriasworld/Programming/iot-engineering/PlantCare/build/modules/picolibc/libc.a(memset.c.obj)
                0x080039ae                memset
 .text.strnlen  0x080039be       0x18 /Users/andriasworld/Programming/iot-engineering/PlantCare/build/modules/picolibc/libc.a(strnlen.c.obj)
                0x080039be                strnlen
 .text.__ultoa_invert
                0x080039d6       0xc0 /Users/andriasworld/Programming/iot-engineering/PlantCare/build/modules/picolibc/libc.a(vflprintf.c.obj)
 *(SORT_BY_ALIGNMENT(.TEXT.*))
 *(SORT_BY_ALIGNMENT(.gnu.linkonce.t.*))
 *(SORT_BY_ALIGNMENT(.glue_7t))
 .glue_7t       0x08003a96        0x0 linker stubs
 *(SORT_BY_ALIGNMENT(.glue_7))
 .glue_7        0x08003a96        0x0 linker stubs
 *(SORT_BY_ALIGNMENT(.vfp11_veneer))
 .vfp11_veneer  0x08003a96        0x0 linker stubs
 *(SORT_BY_ALIGNMENT(.v4_bx))
 .v4_bx         0x08003a96        0x0 linker stubs
                0x08003a98                        . = ALIGN (0x4)
 *fill*         0x08003a96        0x2 
                0x08003a98                        __text_region_end = .

.ARM.exidx      0x08003a98        0x8
                0x08003a98                        __exidx_start = .
 *(SORT_BY_ALIGNMENT(.ARM.exidx*) SORT_BY_ALIGNMENT(gnu.linkonce.armexidx.*))
 .ARM.exidx     0x08003a98        0x8 /opt/homebrew/Cellar/arm-none-eabi-gcc/15.2.0/lib/gcc/arm-none-eabi/15.2.0/thumb/v7e-m/nofp/libgcc.a(_udivmoddi4.o)
                0x08003aa0                        __exidx_end = .
                0x08003aa0                        __rodata_region_start = .

initlevel       0x08003aa0       0x68
                0x08003aa0                        __init_start = .
                0x08003aa0                        __init_EARLY_start = .
 *(SORT_BY_NAME(SORT_BY_ALIGNMENT(.z_init_EARLY_P_?_*)))
 *(SORT_BY_NAME(SORT_BY_ALIGNMENT(.z_init_EARLY_P_??_*)))
 *(SORT_BY_NAME(SORT_BY_ALIGNMENT(.z_init_EARLY_P_???_*)))
                0x08003aa0                        __init_PRE_KERNEL_1_start = .
 *(SORT_BY_NAME(SORT_BY_ALIGNMENT(.z_init_PRE_KERNEL_1_P_?_*)))
 .z_init_PRE_KERNEL_1_P_1_SUB_00009_
                0x08003aa0        0x8 zephyr/drivers/clock_control/libdrivers__clock_control.a(clock_stm32_ll_common.c.obj)
 .z_init_PRE_KERNEL_1_P_1_SUB_0_
                0x08003aa8        0x8 zephyr/libzephyr.a(soc_config.c.obj)
 *(SORT_BY_NAME(SORT_BY_ALIGNMENT(.z_init_PRE_KERNEL_1_P_??_*)))
 .z_init_PRE_KERNEL_1_P_35_SUB_00050_
                0x08003ab0        0x8 zephyr/drivers/reset/libdrivers__reset.a(reset_stm32.c.obj)
 .z_init_PRE_KERNEL_1_P_40_SUB_00037_
                0x08003ab8        0x8 zephyr/drivers/gpio/libdrivers__gpio.a(gpio_stm32.c.obj)
 .z_init_PRE_KERNEL_1_P_40_SUB_00038_
                0x08003ac0        0x8 zephyr/drivers/gpio/libdrivers__gpio.a(gpio_stm32.c.obj)
 .z_init_PRE_KERNEL_1_P_40_SUB_00043_
                0x08003ac8        0x8 zephyr/drivers/gpio/libdrivers__gpio.a(gpio_stm32.c.obj)
 .z_init_PRE_KERNEL_1_P_40_SUB_00057_
                0x08003ad0        0x8 zephyr/drivers/interrupt_controller/libdrivers__interrupt_controller.a(intc_exti_stm32.c.obj)
 .z_init_PRE_KERNEL_1_P_40_SUB_00081_
                0x08003ad8        0x8 zephyr/drivers/gpio/libdrivers__gpio.a(gpio_stm32.c.obj)
 .z_init_PRE_KERNEL_1_P_40_SUB_0_
                0x08003ae0        0x8 zephyr/drivers/interrupt_controller/libdrivers__interrupt_controller.a(intc_gpio_stm32.c.obj)
 .z_init_PRE_KERNEL_1_P_50_SUB_00062_
                0x08003ae8        0x8 zephyr/drivers/serial/libdrivers__serial.a(uart_stm32.c.obj)
 .z_init_PRE_KERNEL_1_P_60_SUB_0_
                0x08003af0        0x8 zephyr/drivers/console/libdrivers__console.a(uart_console.c.obj)
 *(SORT_BY_NAME(SORT_BY_ALIGNMENT(.z_init_PRE_KERNEL_1_P_???_*)))
                0x08003af8                        __init_PRE_KERNEL_2_start = .
 *(SORT_BY_NAME(SORT_BY_ALIGNMENT(.z_init_PRE_KERNEL_2_P_?_*)))
 .z_init_PRE_KERNEL_2_P_0_SUB_0_
                0x08003af8        0x8 zephyr/drivers/timer/libdrivers__timer.a(cortex_m_systick.c.obj)
 *(SORT_BY_NAME(SORT_BY_ALIGNMENT(.z_init_PRE_KERNEL_2_P_??_*)))
 *(SORT_BY_NAME(SORT_BY_ALIGNMENT(.z_init_PRE_KERNEL_2_P_???_*)))
                0x08003b00                        __init_POST_KERNEL_start = .
 *(SORT_BY_NAME(SORT_BY_ALIGNMENT(.z_init_POST_KERNEL_P_?_*)))
 *(SORT_BY_NAME(SORT_BY_ALIGNMENT(.z_init_POST_KERNEL_P_??_*)))
 .z_init_POST_KERNEL_P_35_SUB_0_
                0x08003b00        0x8 zephyr/lib/libc/common/liblib__libc__common.a(malloc.c.obj)
 *(SORT_BY_NAME(SORT_BY_ALIGNMENT(.z_init_POST_KERNEL_P_???_*)))
                0x08003b08                        __init_APPLICATION_start = .
 *(SORT_BY_NAME(SORT_BY_ALIGNMENT(.z_init_APPLICATION_P_?_*)))
 *(SORT_BY_NAME(SORT_BY_ALIGNMENT(.z_init_APPLICATION_P_??_*)))
 *(SORT_BY_NAME(SORT_BY_ALIGNMENT(.z_init_APPLICATION_P_???_*)))
                0x08003b08                        __init_SMP_start = .
 *(SORT_BY_NAME(SORT_BY_ALIGNMENT(.z_init_SMP_P_?_*)))
 *(SORT_BY_NAME(SORT_BY_ALIGNMENT(.z_init_SMP_P_??_*)))
 *(SORT_BY_NAME(SORT_BY_ALIGNMENT(.z_init_SMP_P_???_*)))
                0x08003b08                        __init_end = .

device_area     0x08003b08      0x100
                0x08003b08                        _device_list_start = .
 *(SORT_BY_NAME(SORT_BY_ALIGNMENT(._device.static.*_?_*)))
 ._device.static.1_1_
                0x08003b08       0x20 zephyr/drivers/clock_control/libdrivers__clock_control.a(clock_stm32_ll_common.c.obj)
                0x08003b08                __device_dts_ord_9
 *(SORT_BY_NAME(SORT_BY_ALIGNMENT(._device.static.*_??_*)))
 ._device.static.1_35_
                0x08003b28       0x20 zephyr/drivers/reset/libdrivers__reset.a(reset_stm32.c.obj)
                0x08003b28                __device_dts_ord_50
 ._device.static.1_40_
                0x08003b48       0x20 zephyr/drivers/interrupt_controller/libdrivers__interrupt_controller.a(intc_exti_stm32.c.obj)
                0x08003b48                __device_dts_ord_57
 ._device.static.1_40_
                0x08003b68       0x80 zephyr/drivers/gpio/libdrivers__gpio.a(gpio_stm32.c.obj)
                0x08003b68                __device_dts_ord_81
                0x08003b88                __device_dts_ord_38
                0x08003ba8                __device_dts_ord_43
                0x08003bc8                __device_dts_ord_37
 ._device.static.1_50_
                0x08003be8       0x20 zephyr/drivers/serial/libdrivers__serial.a(uart_stm32.c.obj)
                0x08003be8                __device_dts_ord_62
 *(SORT_BY_NAME(SORT_BY_ALIGNMENT(._device.static.*_???_*)))
 *(SORT_BY_NAME(SORT_BY_ALIGNMENT(._device.static.*_????_*)))
 *(SORT_BY_NAME(SORT_BY_ALIGNMENT(._device.static.*_?????_*)))
                0x08003c08                        _device_list_end = .

sw_isr_table    0x08003c08      0x1f0
                0x08003c08                        . = ALIGN (0x4)
 *(SORT_BY_ALIGNMENT(.gnu.linkonce.sw_isr_table*))
 .gnu.linkonce.sw_isr_table
                0x08003c08      0x1f0 zephyr/arch/common/libisr_tables.a(isr_tables.c.obj)
                0x08003c08                _sw_isr_table

initlevel_error
 *(SORT_BY_NAME(SORT_BY_ALIGNMENT(.z_init_*)))
                0x00000001                        ASSERT ((SIZEOF (initlevel_error) == 0x0), Undefined initialization levels used.)

app_shmem_regions
                0x08003df8        0x0
                0x08003df8                        __app_shmem_regions_start = .
 *(SORT_BY_NAME(SORT_BY_ALIGNMENT(.app_regions.*)))
                0x08003df8                        __app_shmem_regions_end = .

k_p4wq_initparam_area
                0x08003df8        0x0
                0x08003df8                        _k_p4wq_initparam_list_start = .
 *(SORT_BY_NAME(SORT_BY_ALIGNMENT(._k_p4wq_initparam.static.*)))
                0x08003df8                        _k_p4wq_initparam_list_end = .

_static_thread_data_area
                0x08003df8        0x0
                0x08003df8                        __static_thread_data_list_start = .
 *(SORT_BY_NAME(SORT_BY_ALIGNMENT(.__static_thread_data.static.*)))
                0x08003df8                        __static_thread_data_list_end = .

device_deps     0x08003df8        0x0
                0x08003df8                        __device_deps_start = .
 *(SORT_BY_NAME(SORT_BY_ALIGNMENT(.__device_deps_pass2*)))
                0x08003df8                        __device_deps_end = .

gpio_driver_api_area
                0x08003df8       0x24
                0x08003df8                        _gpio_driver_api_list_start = .
 *(SORT_BY_NAME(SORT_BY_ALIGNMENT(._gpio_driver_api.static.*)))
 ._gpio_driver_api.static.gpio_stm32_driver_
                0x08003df8       0x24 zephyr/drivers/gpio/libdrivers__gpio.a(gpio_stm32.c.obj)
                0x08003e1c                        _gpio_driver_api_list_end = .

reset_driver_api_area
                0x08003e1c       0x10
                0x08003e1c                        _reset_driver_api_list_start = .
 *(SORT_BY_NAME(SORT_BY_ALIGNMENT(._reset_driver_api.static.*)))
 ._reset_driver_api.static.reset_stm32_driver_api_
                0x08003e1c       0x10 zephyr/drivers/reset/libdrivers__reset.a(reset_stm32.c.obj)
                0x08003e2c                        _reset_driver_api_list_end = .

shared_irq_driver_api_area
                0x08003e2c        0x0
                0x08003e2c                        _shared_irq_driver_api_list_start = .
 *(SORT_BY_NAME(SORT_BY_ALIGNMENT(._shared_irq_driver_api.static.*)))
                0x08003e2c                        _shared_irq_driver_api_list_end = .

crypto_driver_api_area
                0x08003e2c        0x0
                0x08003e2c                        _crypto_driver_api_list_start = .
 *(SORT_BY_NAME(SORT_BY_ALIGNMENT(._crypto_driver_api.static.*)))
                0x08003e2c                        _crypto_driver_api_list_end = .

adc_driver_api_area
                0x08003e2c        0x0
                0x08003e2c                        _adc_driver_api_list_start = .
 *(SORT_BY_NAME(SORT_BY_ALIGNMENT(._adc_driver_api.static.*)))
                0x08003e2c                        _adc_driver_api_list_end = .

auxdisplay_driver_api_area
                0x08003e2c        0x0
                0x08003e2c                        _auxdisplay_driver_api_list_start = .
 *(SORT_BY_NAME(SORT_BY_ALIGNMENT(._auxdisplay_driver_api.static.*)))
                0x08003e2c                        _auxdisplay_driver_api_list_end = .

bbram_driver_api_area
                0x08003e2c        0x0
                0x08003e2c                        _bbram_driver_api_list_start = .
 *(SORT_BY_NAME(SORT_BY_ALIGNMENT(._bbram_driver_api.static.*)))
                0x08003e2c                        _bbram_driver_api_list_end = .

bt_hci_driver_api_area
                0x08003e2c        0x0
                0x08003e2c                        _bt_hci_driver_api_list_start = .
 *(SORT_BY_NAME(SORT_BY_ALIGNMENT(._bt_hci_driver_api.static.*)))
                0x08003e2c                        _bt_hci_driver_api_list_end = .

can_driver_api_area
                0x08003e2c        0x0
                0x08003e2c                        _can_driver_api_list_start = .
 *(SORT_BY_NAME(SORT_BY_ALIGNMENT(._can_driver_api.static.*)))
                0x08003e2c                        _can_driver_api_list_end = .

cellular_driver_api_area
                0x08003e2c        0x0
                0x08003e2c                        _cellular_driver_api_list_start = .
 *(SORT_BY_NAME(SORT_BY_ALIGNMENT(._cellular_driver_api.static.*)))
                0x08003e2c                        _cellular_driver_api_list_end = .

charger_driver_api_area
                0x08003e2c        0x0
                0x08003e2c                        _charger_driver_api_list_start = .
 *(SORT_BY_NAME(SORT_BY_ALIGNMENT(._charger_driver_api.static.*)))
                0x08003e2c                        _charger_driver_api_list_end = .

clock_control_driver_api_area
                0x08003e2c       0x1c
                0x08003e2c                        _clock_control_driver_api_list_start = .
 *(SORT_BY_NAME(SORT_BY_ALIGNMENT(._clock_control_driver_api.static.*)))
 ._clock_control_driver_api.static.stm32_clock_control_api_
                0x08003e2c       0x1c zephyr/drivers/clock_control/libdrivers__clock_control.a(clock_stm32_ll_common.c.obj)
                0x08003e48                        _clock_control_driver_api_list_end = .

comparator_driver_api_area
                0x08003e48        0x0
                0x08003e48                        _comparator_driver_api_list_start = .
 *(SORT_BY_NAME(SORT_BY_ALIGNMENT(._comparator_driver_api.static.*)))
                0x08003e48                        _comparator_driver_api_list_end = .

coredump_driver_api_area
                0x08003e48        0x0
                0x08003e48                        _coredump_driver_api_list_start = .
 *(SORT_BY_NAME(SORT_BY_ALIGNMENT(._coredump_driver_api.static.*)))
                0x08003e48                        _coredump_driver_api_list_end = .

counter_driver_api_area
                0x08003e48        0x0
                0x08003e48                        _counter_driver_api_list_start = .
 *(SORT_BY_NAME(SORT_BY_ALIGNMENT(._counter_driver_api.static.*)))
                0x08003e48                        _counter_driver_api_list_end = .

crc_driver_api_area
                0x08003e48        0x0
                0x08003e48                        _crc_driver_api_list_start = .
 *(SORT_BY_NAME(SORT_BY_ALIGNMENT(._crc_driver_api.static.*)))
                0x08003e48                        _crc_driver_api_list_end = .

dac_driver_api_area
                0x08003e48        0x0
                0x08003e48                        _dac_driver_api_list_start = .
 *(SORT_BY_NAME(SORT_BY_ALIGNMENT(._dac_driver_api.static.*)))
                0x08003e48                        _dac_driver_api_list_end = .

dai_driver_api_area
                0x08003e48        0x0
                0x08003e48                        _dai_driver_api_list_start = .
 *(SORT_BY_NAME(SORT_BY_ALIGNMENT(._dai_driver_api.static.*)))
                0x08003e48                        _dai_driver_api_list_end = .

display_driver_api_area
                0x08003e48        0x0
                0x08003e48                        _display_driver_api_list_start = .
 *(SORT_BY_NAME(SORT_BY_ALIGNMENT(._display_driver_api.static.*)))
                0x08003e48                        _display_driver_api_list_end = .

dma_driver_api_area
                0x08003e48        0x0
                0x08003e48                        _dma_driver_api_list_start = .
 *(SORT_BY_NAME(SORT_BY_ALIGNMENT(._dma_driver_api.static.*)))
                0x08003e48                        _dma_driver_api_list_end = .

edac_driver_api_area
                0x08003e48        0x0
                0x08003e48                        _edac_driver_api_list_start = .
 *(SORT_BY_NAME(SORT_BY_ALIGNMENT(._edac_driver_api.static.*)))
                0x08003e48                        _edac_driver_api_list_end = .

eeprom_driver_api_area
                0x08003e48        0x0
                0x08003e48                        _eeprom_driver_api_list_start = .
 *(SORT_BY_NAME(SORT_BY_ALIGNMENT(._eeprom_driver_api.static.*)))
                0x08003e48                        _eeprom_driver_api_list_end = .

emul_bbram_driver_api_area
                0x08003e48        0x0
                0x08003e48                        _emul_bbram_driver_api_list_start = .
 *(SORT_BY_NAME(SORT_BY_ALIGNMENT(._emul_bbram_driver_api.static.*)))
                0x08003e48                        _emul_bbram_driver_api_list_end = .

fuel_gauge_emul_driver_api_area
                0x08003e48        0x0
                0x08003e48                        _fuel_gauge_emul_driver_api_list_start = .
 *(SORT_BY_NAME(SORT_BY_ALIGNMENT(._fuel_gauge_emul_driver_api.static.*)))
                0x08003e48                        _fuel_gauge_emul_driver_api_list_end = .

emul_sensor_driver_api_area
                0x08003e48        0x0
                0x08003e48                        _emul_sensor_driver_api_list_start = .
 *(SORT_BY_NAME(SORT_BY_ALIGNMENT(._emul_sensor_driver_api.static.*)))
                0x08003e48                        _emul_sensor_driver_api_list_end = .

entropy_driver_api_area
                0x08003e48        0x0
                0x08003e48                        _entropy_driver_api_list_start = .
 *(SORT_BY_NAME(SORT_BY_ALIGNMENT(._entropy_driver_api.static.*)))
                0x08003e48                        _entropy_driver_api_list_end = .

espi_driver_api_area
                0x08003e48        0x0
                0x08003e48                        _espi_driver_api_list_start = .
 *(SORT_BY_NAME(SORT_BY_ALIGNMENT(._espi_driver_api.static.*)))
                0x08003e48                        _espi_driver_api_list_end = .

espi_saf_driver_api_area
                0x08003e48        0x0
                0x08003e48                        _espi_saf_driver_api_list_start = .
 *(SORT_BY_NAME(SORT_BY_ALIGNMENT(._espi_saf_driver_api.static.*)))
                0x08003e48                        _espi_saf_driver_api_list_end = .

flash_driver_api_area
                0x08003e48        0x0
                0x08003e48                        _flash_driver_api_list_start = .
 *(SORT_BY_NAME(SORT_BY_ALIGNMENT(._flash_driver_api.static.*)))
                0x08003e48                        _flash_driver_api_list_end = .

fpga_driver_api_area
                0x08003e48        0x0
                0x08003e48                        _fpga_driver_api_list_start = .
 *(SORT_BY_NAME(SORT_BY_ALIGNMENT(._fpga_driver_api.static.*)))
                0x08003e48                        _fpga_driver_api_list_end = .

fuel_gauge_driver_api_area
                0x08003e48        0x0
                0x08003e48                        _fuel_gauge_driver_api_list_start = .
 *(SORT_BY_NAME(SORT_BY_ALIGNMENT(._fuel_gauge_driver_api.static.*)))
                0x08003e48                        _fuel_gauge_driver_api_list_end = .

gnss_driver_api_area
                0x08003e48        0x0
                0x08003e48                        _gnss_driver_api_list_start = .
 *(SORT_BY_NAME(SORT_BY_ALIGNMENT(._gnss_driver_api.static.*)))
                0x08003e48                        _gnss_driver_api_list_end = .

haptics_driver_api_area
                0x08003e48        0x0
                0x08003e48                        _haptics_driver_api_list_start = .
 *(SORT_BY_NAME(SORT_BY_ALIGNMENT(._haptics_driver_api.static.*)))
                0x08003e48                        _haptics_driver_api_list_end = .

hwspinlock_driver_api_area
                0x08003e48        0x0
                0x08003e48                        _hwspinlock_driver_api_list_start = .
 *(SORT_BY_NAME(SORT_BY_ALIGNMENT(._hwspinlock_driver_api.static.*)))
                0x08003e48                        _hwspinlock_driver_api_list_end = .

i2c_driver_api_area
                0x08003e48        0x0
                0x08003e48                        _i2c_driver_api_list_start = .
 *(SORT_BY_NAME(SORT_BY_ALIGNMENT(._i2c_driver_api.static.*)))
                0x08003e48                        _i2c_driver_api_list_end = .

i2c_target_driver_api_area
                0x08003e48        0x0
                0x08003e48                        _i2c_target_driver_api_list_start = .
 *(SORT_BY_NAME(SORT_BY_ALIGNMENT(._i2c_target_driver_api.static.*)))
                0x08003e48                        _i2c_target_driver_api_list_end = .

i2s_driver_api_area
                0x08003e48        0x0
                0x08003e48                        _i2s_driver_api_list_start = .
 *(SORT_BY_NAME(SORT_BY_ALIGNMENT(._i2s_driver_api.static.*)))
                0x08003e48                        _i2s_driver_api_list_end = .

i3c_driver_api_area
                0x08003e48        0x0
                0x08003e48                        _i3c_driver_api_list_start = .
 *(SORT_BY_NAME(SORT_BY_ALIGNMENT(._i3c_driver_api.static.*)))
                0x08003e48                        _i3c_driver_api_list_end = .

ipm_driver_api_area
                0x08003e48        0x0
                0x08003e48                        _ipm_driver_api_list_start = .
 *(SORT_BY_NAME(SORT_BY_ALIGNMENT(._ipm_driver_api.static.*)))
                0x08003e48                        _ipm_driver_api_list_end = .

led_driver_api_area
                0x08003e48        0x0
                0x08003e48                        _led_driver_api_list_start = .
 *(SORT_BY_NAME(SORT_BY_ALIGNMENT(._led_driver_api.static.*)))
                0x08003e48                        _led_driver_api_list_end = .

led_strip_driver_api_area
                0x08003e48        0x0
                0x08003e48                        _led_strip_driver_api_list_start = .
 *(SORT_BY_NAME(SORT_BY_ALIGNMENT(._led_strip_driver_api.static.*)))
                0x08003e48                        _led_strip_driver_api_list_end = .

lora_driver_api_area
                0x08003e48        0x0
                0x08003e48                        _lora_driver_api_list_start = .
 *(SORT_BY_NAME(SORT_BY_ALIGNMENT(._lora_driver_api.static.*)))
                0x08003e48                        _lora_driver_api_list_end = .

mbox_driver_api_area
                0x08003e48        0x0
                0x08003e48                        _mbox_driver_api_list_start = .
 *(SORT_BY_NAME(SORT_BY_ALIGNMENT(._mbox_driver_api.static.*)))
                0x08003e48                        _mbox_driver_api_list_end = .

mdio_driver_api_area
                0x08003e48        0x0
                0x08003e48                        _mdio_driver_api_list_start = .
 *(SORT_BY_NAME(SORT_BY_ALIGNMENT(._mdio_driver_api.static.*)))
                0x08003e48                        _mdio_driver_api_list_end = .

mipi_dbi_driver_api_area
                0x08003e48        0x0
                0x08003e48                        _mipi_dbi_driver_api_list_start = .
 *(SORT_BY_NAME(SORT_BY_ALIGNMENT(._mipi_dbi_driver_api.static.*)))
                0x08003e48                        _mipi_dbi_driver_api_list_end = .

mipi_dsi_driver_api_area
                0x08003e48        0x0
                0x08003e48                        _mipi_dsi_driver_api_list_start = .
 *(SORT_BY_NAME(SORT_BY_ALIGNMENT(._mipi_dsi_driver_api.static.*)))
                0x08003e48                        _mipi_dsi_driver_api_list_end = .

mspi_driver_api_area
                0x08003e48        0x0
                0x08003e48                        _mspi_driver_api_list_start = .
 *(SORT_BY_NAME(SORT_BY_ALIGNMENT(._mspi_driver_api.static.*)))
                0x08003e48                        _mspi_driver_api_list_end = .

opamp_driver_api_area
                0x08003e48        0x0
                0x08003e48                        _opamp_driver_api_list_start = .
 *(SORT_BY_NAME(SORT_BY_ALIGNMENT(._opamp_driver_api.static.*)))
                0x08003e48                        _opamp_driver_api_list_end = .

peci_driver_api_area
                0x08003e48        0x0
                0x08003e48                        _peci_driver_api_list_start = .
 *(SORT_BY_NAME(SORT_BY_ALIGNMENT(._peci_driver_api.static.*)))
                0x08003e48                        _peci_driver_api_list_end = .

ps2_driver_api_area
                0x08003e48        0x0
                0x08003e48                        _ps2_driver_api_list_start = .
 *(SORT_BY_NAME(SORT_BY_ALIGNMENT(._ps2_driver_api.static.*)))
                0x08003e48                        _ps2_driver_api_list_end = .

ptp_clock_driver_api_area
                0x08003e48        0x0
                0x08003e48                        _ptp_clock_driver_api_list_start = .
 *(SORT_BY_NAME(SORT_BY_ALIGNMENT(._ptp_clock_driver_api.static.*)))
                0x08003e48                        _ptp_clock_driver_api_list_end = .

pwm_driver_api_area
                0x08003e48        0x0
                0x08003e48                        _pwm_driver_api_list_start = .
 *(SORT_BY_NAME(SORT_BY_ALIGNMENT(._pwm_driver_api.static.*)))
                0x08003e48                        _pwm_driver_api_list_end = .

regulator_parent_driver_api_area
                0x08003e48        0x0
                0x08003e48                        _regulator_parent_driver_api_list_start = .
 *(SORT_BY_NAME(SORT_BY_ALIGNMENT(._regulator_parent_driver_api.static.*)))
                0x08003e48                        _regulator_parent_driver_api_list_end = .

regulator_driver_api_area
                0x08003e48        0x0
                0x08003e48                        _regulator_driver_api_list_start = .
 *(SORT_BY_NAME(SORT_BY_ALIGNMENT(._regulator_driver_api.static.*)))
                0x08003e48                        _regulator_driver_api_list_end = .

retained_mem_driver_api_area
                0x08003e48        0x0
                0x08003e48                        _retained_mem_driver_api_list_start = .
 *(SORT_BY_NAME(SORT_BY_ALIGNMENT(._retained_mem_driver_api.static.*)))
                0x08003e48                        _retained_mem_driver_api_list_end = .

rtc_driver_api_area
                0x08003e48        0x0
                0x08003e48                        _rtc_driver_api_list_start = .
 *(SORT_BY_NAME(SORT_BY_ALIGNMENT(._rtc_driver_api.static.*)))
                0x08003e48                        _rtc_driver_api_list_end = .

sdhc_driver_api_area
                0x08003e48        0x0
                0x08003e48                        _sdhc_driver_api_list_start = .
 *(SORT_BY_NAME(SORT_BY_ALIGNMENT(._sdhc_driver_api.static.*)))
                0x08003e48                        _sdhc_driver_api_list_end = .

sensor_driver_api_area
                0x08003e48        0x0
                0x08003e48                        _sensor_driver_api_list_start = .
 *(SORT_BY_NAME(SORT_BY_ALIGNMENT(._sensor_driver_api.static.*)))
                0x08003e48                        _sensor_driver_api_list_end = .

smbus_driver_api_area
                0x08003e48        0x0
                0x08003e48                        _smbus_driver_api_list_start = .
 *(SORT_BY_NAME(SORT_BY_ALIGNMENT(._smbus_driver_api.static.*)))
                0x08003e48                        _smbus_driver_api_list_end = .

spi_driver_api_area
                0x08003e48        0x0
                0x08003e48                        _spi_driver_api_list_start = .
 *(SORT_BY_NAME(SORT_BY_ALIGNMENT(._spi_driver_api.static.*)))
                0x08003e48                        _spi_driver_api_list_end = .

stepper_driver_api_area
                0x08003e48        0x0
                0x08003e48                        _stepper_driver_api_list_start = .
 *(SORT_BY_NAME(SORT_BY_ALIGNMENT(._stepper_driver_api.static.*)))
                0x08003e48                        _stepper_driver_api_list_end = .

syscon_driver_api_area
                0x08003e48        0x0
                0x08003e48                        _syscon_driver_api_list_start = .
 *(SORT_BY_NAME(SORT_BY_ALIGNMENT(._syscon_driver_api.static.*)))
                0x08003e48                        _syscon_driver_api_list_end = .

tee_driver_api_area
                0x08003e48        0x0
                0x08003e48                        _tee_driver_api_list_start = .
 *(SORT_BY_NAME(SORT_BY_ALIGNMENT(._tee_driver_api.static.*)))
                0x08003e48                        _tee_driver_api_list_end = .

video_driver_api_area
                0x08003e48        0x0
                0x08003e48                        _video_driver_api_list_start = .
 *(SORT_BY_NAME(SORT_BY_ALIGNMENT(._video_driver_api.static.*)))
                0x08003e48                        _video_driver_api_list_end = .

virtio_driver_api_area
                0x08003e48        0x0
                0x08003e48                        _virtio_driver_api_list_start = .
 *(SORT_BY_NAME(SORT_BY_ALIGNMENT(._virtio_driver_api.static.*)))
                0x08003e48                        _virtio_driver_api_list_end = .

w1_driver_api_area
                0x08003e48        0x0
                0x08003e48                        _w1_driver_api_list_start = .
 *(SORT_BY_NAME(SORT_BY_ALIGNMENT(._w1_driver_api.static.*)))
                0x08003e48                        _w1_driver_api_list_end = .

wdt_driver_api_area
                0x08003e48        0x0
                0x08003e48                        _wdt_driver_api_list_start = .
 *(SORT_BY_NAME(SORT_BY_ALIGNMENT(._wdt_driver_api.static.*)))
                0x08003e48                        _wdt_driver_api_list_end = .

can_transceiver_driver_api_area
                0x08003e48        0x0
                0x08003e48                        _can_transceiver_driver_api_list_start = .
 *(SORT_BY_NAME(SORT_BY_ALIGNMENT(._can_transceiver_driver_api.static.*)))
                0x08003e48                        _can_transceiver_driver_api_list_end = .

nrf_clock_control_driver_api_area
                0x08003e48        0x0
                0x08003e48                        _nrf_clock_control_driver_api_list_start = .
 *(SORT_BY_NAME(SORT_BY_ALIGNMENT(._nrf_clock_control_driver_api.static.*)))
                0x08003e48                        _nrf_clock_control_driver_api_list_end = .

i3c_target_driver_api_area
                0x08003e48        0x0
                0x08003e48                        _i3c_target_driver_api_list_start = .
 *(SORT_BY_NAME(SORT_BY_ALIGNMENT(._i3c_target_driver_api.static.*)))
                0x08003e48                        _i3c_target_driver_api_list_end = .

its_driver_api_area
                0x08003e48        0x0
                0x08003e48                        _its_driver_api_list_start = .
 *(SORT_BY_NAME(SORT_BY_ALIGNMENT(._its_driver_api.static.*)))
                0x08003e48                        _its_driver_api_list_end = .

vtd_driver_api_area
                0x08003e48        0x0
                0x08003e48                        _vtd_driver_api_list_start = .
 *(SORT_BY_NAME(SORT_BY_ALIGNMENT(._vtd_driver_api.static.*)))
                0x08003e48                        _vtd_driver_api_list_end = .

renesas_elc_driver_api_area
                0x08003e48        0x0
                0x08003e48                        _renesas_elc_driver_api_list_start = .
 *(SORT_BY_NAME(SORT_BY_ALIGNMENT(._renesas_elc_driver_api.static.*)))
                0x08003e48                        _renesas_elc_driver_api_list_end = .

tgpio_driver_api_area
                0x08003e48        0x0
                0x08003e48                        _tgpio_driver_api_list_start = .
 *(SORT_BY_NAME(SORT_BY_ALIGNMENT(._tgpio_driver_api.static.*)))
                0x08003e48                        _tgpio_driver_api_list_end = .

pcie_ctrl_driver_api_area
                0x08003e48        0x0
                0x08003e48                        _pcie_ctrl_driver_api_list_start = .
 *(SORT_BY_NAME(SORT_BY_ALIGNMENT(._pcie_ctrl_driver_api.static.*)))
                0x08003e48                        _pcie_ctrl_driver_api_list_end = .

pcie_ep_driver_api_area
                0x08003e48        0x0
                0x08003e48                        _pcie_ep_driver_api_list_start = .
 *(SORT_BY_NAME(SORT_BY_ALIGNMENT(._pcie_ep_driver_api.static.*)))
                0x08003e48                        _pcie_ep_driver_api_list_end = .

psi5_driver_api_area
                0x08003e48        0x0
                0x08003e48                        _psi5_driver_api_list_start = .
 *(SORT_BY_NAME(SORT_BY_ALIGNMENT(._psi5_driver_api.static.*)))
                0x08003e48                        _psi5_driver_api_list_end = .

sent_driver_api_area
                0x08003e48        0x0
                0x08003e48                        _sent_driver_api_list_start = .
 *(SORT_BY_NAME(SORT_BY_ALIGNMENT(._sent_driver_api.static.*)))
                0x08003e48                        _sent_driver_api_list_end = .

svc_driver_api_area
                0x08003e48        0x0
                0x08003e48                        _svc_driver_api_list_start = .
 *(SORT_BY_NAME(SORT_BY_ALIGNMENT(._svc_driver_api.static.*)))
                0x08003e48                        _svc_driver_api_list_end = .

uart_driver_api_area
                0x08003e48       0x14
                0x08003e48                        _uart_driver_api_list_start = .
 *(SORT_BY_NAME(SORT_BY_ALIGNMENT(._uart_driver_api.static.*)))
 ._uart_driver_api.static.uart_stm32_driver_api_
                0x08003e48       0x14 zephyr/drivers/serial/libdrivers__serial.a(uart_stm32.c.obj)
                0x08003e5c                        _uart_driver_api_list_end = .

bc12_emul_driver_api_area
                0x08003e5c        0x0
                0x08003e5c                        _bc12_emul_driver_api_list_start = .
 *(SORT_BY_NAME(SORT_BY_ALIGNMENT(._bc12_emul_driver_api.static.*)))
                0x08003e5c                        _bc12_emul_driver_api_list_end = .

bc12_driver_api_area
                0x08003e5c        0x0
                0x08003e5c                        _bc12_driver_api_list_start = .
 *(SORT_BY_NAME(SORT_BY_ALIGNMENT(._bc12_driver_api.static.*)))
                0x08003e5c                        _bc12_driver_api_list_end = .

usbc_ppc_driver_api_area
                0x08003e5c        0x0
                0x08003e5c                        _usbc_ppc_driver_api_list_start = .
 *(SORT_BY_NAME(SORT_BY_ALIGNMENT(._usbc_ppc_driver_api.static.*)))
                0x08003e5c                        _usbc_ppc_driver_api_list_end = .

tcpc_driver_api_area
                0x08003e5c        0x0
                0x08003e5c                        _tcpc_driver_api_list_start = .
 *(SORT_BY_NAME(SORT_BY_ALIGNMENT(._tcpc_driver_api.static.*)))
                0x08003e5c                        _tcpc_driver_api_list_end = .

usbc_vbus_driver_api_area
                0x08003e5c        0x0
                0x08003e5c                        _usbc_vbus_driver_api_list_start = .
 *(SORT_BY_NAME(SORT_BY_ALIGNMENT(._usbc_vbus_driver_api.static.*)))
                0x08003e5c                        _usbc_vbus_driver_api_list_end = .

ivshmem_driver_api_area
                0x08003e5c        0x0
                0x08003e5c                        _ivshmem_driver_api_list_start = .
 *(SORT_BY_NAME(SORT_BY_ALIGNMENT(._ivshmem_driver_api.static.*)))
                0x08003e5c                        _ivshmem_driver_api_list_end = .

ethphy_driver_api_area
                0x08003e5c        0x0
                0x08003e5c                        _ethphy_driver_api_list_start = .
 *(SORT_BY_NAME(SORT_BY_ALIGNMENT(._ethphy_driver_api.static.*)))
                0x08003e5c                        _ethphy_driver_api_list_end = .

ztest           0x08003e5c        0x0
                0x08003e5c                        _ztest_expected_result_entry_list_start = .
 *(SORT_BY_NAME(SORT_BY_ALIGNMENT(._ztest_expected_result_entry.static.*)))
                0x08003e5c                        _ztest_expected_result_entry_list_end = .
                0x08003e5c                        _ztest_suite_node_list_start = .
 *(SORT_BY_NAME(SORT_BY_ALIGNMENT(._ztest_suite_node.static.*)))
                0x08003e5c                        _ztest_suite_node_list_end = .
                0x08003e5c                        _ztest_unit_test_list_start = .
 *(SORT_BY_NAME(SORT_BY_ALIGNMENT(._ztest_unit_test.static.*)))
                0x08003e5c                        _ztest_unit_test_list_end = .
                0x08003e5c                        _ztest_test_rule_list_start = .
 *(SORT_BY_NAME(SORT_BY_ALIGNMENT(._ztest_test_rule.static.*)))
                0x08003e5c                        _ztest_test_rule_list_end = .

init_array      0x08003e5c        0x0
                0x08003e5c                        __zephyr_init_array_start = .
 *(SORT_BY_INIT_PRIORITY(.init_array.*) SORT_BY_INIT_PRIORITY(.ctors.*))
 *(SORT_BY_ALIGNMENT(.init_array) SORT_BY_ALIGNMENT(.ctors))
                0x08003e5c                        __zephyr_init_array_end = .
                0x00000001                        ASSERT ((__zephyr_init_array_start == __zephyr_init_array_end), GNU-style constructors required but STATIC_INIT_GNU not enabled)

bt_l2cap_fixed_chan_area
                0x08003e5c        0x0
                0x08003e5c                        _bt_l2cap_fixed_chan_list_start = .
 *(SORT_BY_NAME(SORT_BY_ALIGNMENT(._bt_l2cap_fixed_chan.static.*)))
                0x08003e5c                        _bt_l2cap_fixed_chan_list_end = .

bt_gatt_service_static_area
                0x08003e5c        0x0
                0x08003e5c                        _bt_gatt_service_static_list_start = .
 *(SORT_BY_NAME(SORT_BY_ALIGNMENT(._bt_gatt_service_static.static.*)))
                0x08003e5c                        _bt_gatt_service_static_list_end = .

log_strings_area
                0x08003e5c        0x0
                0x08003e5c                        _log_strings_list_start = .
 *(SORT_BY_NAME(SORT_BY_ALIGNMENT(._log_strings.static.*)))
                0x08003e5c                        _log_strings_list_end = .

log_stmesp_ptr_area
                0x08003e5c        0x0
                0x08003e5c                        _log_stmesp_ptr_list_start = .
 *(SORT_BY_NAME(SORT_BY_ALIGNMENT(._log_stmesp_ptr.static.*)))
                0x08003e5c                        _log_stmesp_ptr_list_end = .

log_stmesp_str_area
                0x08003e5c        0x0
                0x08003e5c                        _log_stmesp_str_list_start = .
 *(SORT_BY_NAME(SORT_BY_ALIGNMENT(._log_stmesp_str.static.*)))
                0x08003e5c                        _log_stmesp_str_list_end = .

log_const_area  0x08003e5c        0x0
                0x08003e5c                        _log_const_list_start = .
 *(SORT_BY_NAME(SORT_BY_ALIGNMENT(._log_const.static.*)))
                0x08003e5c                        _log_const_list_end = .

log_backend_area
                0x08003e5c        0x0
                0x08003e5c                        _log_backend_list_start = .
 *(SORT_BY_NAME(SORT_BY_ALIGNMENT(._log_backend.static.*)))
                0x08003e5c                        _log_backend_list_end = .

log_link_area   0x08003e5c        0x0
                0x08003e5c                        _log_link_list_start = .
 *(SORT_BY_NAME(SORT_BY_ALIGNMENT(._log_link.static.*)))
                0x08003e5c                        _log_link_list_end = .

tracing_backend_area
                0x08003e5c        0x0
                0x08003e5c                        _tracing_backend_list_start = .
 *(SORT_BY_NAME(SORT_BY_ALIGNMENT(._tracing_backend.static.*)))
                0x08003e5c                        _tracing_backend_list_end = .

zephyr_dbg_info
 *(SORT_BY_ALIGNMENT(.dbg_thread_info))

intc_table_area
                0x08003e5c        0x0
                0x08003e5c                        _intc_table_list_start = .
 *(SORT_BY_NAME(SORT_BY_ALIGNMENT(._intc_table.static.*)))
                0x08003e5c                        _intc_table_list_end = .

symbol_to_keep  0x08003e5c        0x0
                0x08003e5c                        __symbol_to_keep_start = .
 *(SORT_BY_NAME(SORT_BY_ALIGNMENT(.symbol_to_keep*)))
                0x08003e5c                        __symbol_to_keep_end = .

shell_area      0x08003e5c        0x0
                0x08003e5c                        _shell_list_start = .
 *(SORT_BY_NAME(SORT_BY_ALIGNMENT(._shell.static.*)))
                0x08003e5c                        _shell_list_end = .

shell_root_cmds_area
                0x08003e5c        0x0
                0x08003e5c                        _shell_root_cmds_list_start = .
 *(SORT_BY_NAME(SORT_BY_ALIGNMENT(._shell_root_cmds.static.*)))
                0x08003e5c                        _shell_root_cmds_list_end = .

shell_subcmds_area
                0x08003e5c        0x0
                0x08003e5c                        _shell_subcmds_list_start = .
 *(SORT_BY_NAME(SORT_BY_ALIGNMENT(._shell_subcmds.static.*)))
                0x08003e5c                        _shell_subcmds_list_end = .

shell_dynamic_subcmds_area
                0x08003e5c        0x0
                0x08003e5c                        _shell_dynamic_subcmds_list_start = .
 *(SORT_BY_NAME(SORT_BY_ALIGNMENT(._shell_dynamic_subcmds.static.*)))
                0x08003e5c                        _shell_dynamic_subcmds_list_end = .

cfb_font_area   0x08003e5c        0x0
                0x08003e5c                        _cfb_font_list_start = .
 *(SORT_BY_NAME(SORT_BY_ALIGNMENT(._cfb_font.static.*)))
                0x08003e5c                        _cfb_font_list_end = .

rodata          0x08003e5c      0x6d8
 *(SORT_BY_ALIGNMENT(.rodata))
 .rodata        0x08003e5c        0xc modules/hal_stm32/stm32cube/lib..__modules__hal__stm32__stm32cube.a(stm32wlxx_ll_utils.c.obj)
 *(SORT_BY_ALIGNMENT(.rodata.*))
 .rodata.mem_attr_region
                0x08003e68        0x0 zephyr/libzephyr.a(mem_attr.c.obj)
 .rodata.static_regions
                0x08003e68        0xc zephyr/arch/arch/arm/core/mpu/libarch__arm__core__mpu.a(arm_core_mpu.c.obj)
 .rodata.mpu_config
                0x08003e74        0x8 zephyr/arch/arch/arm/core/mpu/libarch__arm__core__mpu.a(arm_mpu_regions.c.obj)
                0x08003e74                mpu_config
 .rodata.mpu_regions
                0x08003e7c       0x18 zephyr/arch/arch/arm/core/mpu/libarch__arm__core__mpu.a(arm_mpu_regions.c.obj)
 .rodata.gpio_stm32_cfg_h
                0x08003e94       0x14 zephyr/drivers/gpio/libdrivers__gpio.a(gpio_stm32.c.obj)
 .rodata.gpio_stm32_cfg_c
                0x08003ea8       0x14 zephyr/drivers/gpio/libdrivers__gpio.a(gpio_stm32.c.obj)
 .rodata.gpio_stm32_cfg_b
                0x08003ebc       0x14 zephyr/drivers/gpio/libdrivers__gpio.a(gpio_stm32.c.obj)
 .rodata.gpio_stm32_cfg_a
                0x08003ed0       0x14 zephyr/drivers/gpio/libdrivers__gpio.a(gpio_stm32.c.obj)
 .rodata.gpio_ports
                0x08003ee4       0x68 zephyr/drivers/pinctrl/libdrivers__pinctrl.a(pinctrl_stm32.c.obj)
 .rodata.reset_stm32_config
                0x08003f4c        0x4 zephyr/drivers/reset/libdrivers__reset.a(reset_stm32.c.obj)
 .rodata.uart_stm32_cfg_0
                0x08003f50       0x24 zephyr/drivers/serial/libdrivers__serial.a(uart_stm32.c.obj)
 .rodata.pclken_0
                0x08003f74        0x8 zephyr/drivers/serial/libdrivers__serial.a(uart_stm32.c.obj)
 .rodata.__pinctrl_dev_config__device_dts_ord_62
                0x08003f7c        0x8 zephyr/drivers/serial/libdrivers__serial.a(uart_stm32.c.obj)
 .rodata.__pinctrl_states__device_dts_ord_62
                0x08003f84        0x8 zephyr/drivers/serial/libdrivers__serial.a(uart_stm32.c.obj)
 .rodata.__pinctrl_state_pins_0__device_dts_ord_62
                0x08003f8c       0x10 zephyr/drivers/serial/libdrivers__serial.a(uart_stm32.c.obj)
 .rodata.MSIRangeTable
                0x08003f9c       0x40 modules/hal_stm32/stm32cube/lib..__modules__hal__stm32__stm32cube.a(system_stm32wlxx.c.obj)
                0x08003f9c                MSIRangeTable
 .rodata.AHBPrescTable
                0x08003fdc       0x40 modules/hal_stm32/stm32cube/lib..__modules__hal__stm32__stm32cube.a(system_stm32wlxx.c.obj)
                0x08003fdc                AHBPrescTable
 .rodata.levels.0
                0x0800401c       0x18 zephyr/kernel/libkernel.a(init.c.obj)
 .rodata.LPUART_PRESCALER_TAB
                0x08004034       0x18 zephyr/drivers/serial/libdrivers__serial.a(uart_stm32.c.obj)
 .rodata.main.str1.1
                0x0800404c      0x4da app/libapp.a(main.c.obj)
                                 0x1b (size before relaxing)
 .rodata.z_arm_fatal_error.str1.1
                0x08004526        0x0 zephyr/arch/arch/arm/core/libarch__arm__core.a(fatal.c.obj)
                                 0xb3 (size before relaxing)
 .rodata.mem_manage_fault.str1.1
                0x08004526        0x0 zephyr/arch/arch/arm/core/cortex_m/libarch__arm__core__cortex_m.a(fault.c.obj)
                                 0xaf (size before relaxing)
 .rodata.usage_fault.isra.0.str1.1
                0x08004526        0x0 zephyr/arch/arch/arm/core/cortex_m/libarch__arm__core__cortex_m.a(fault.c.obj)
                                 0xd4 (size before relaxing)
 .rodata.bus_fault.isra.0.str1.1
                0x08004526        0x0 zephyr/arch/arch/arm/core/cortex_m/libarch__arm__core__cortex_m.a(fault.c.obj)
                                 0x8e (size before relaxing)
 .rodata.z_arm_fault.str1.1
                0x08004526        0x0 zephyr/arch/arch/arm/core/cortex_m/libarch__arm__core__cortex_m.a(fault.c.obj)
                                0x119 (size before relaxing)
 .rodata.str1.1
                0x08004526        0x0 zephyr/arch/arch/arm/core/mpu/libarch__arm__core__mpu.a(arm_mpu_regions.c.obj)
                                  0xf (size before relaxing)
 .rodata.line_range_6.0
                0x08004526        0x2 zephyr/drivers/interrupt_controller/libdrivers__interrupt_controller.a(intc_gpio_stm32.c.obj)
 .rodata.line_range_5.1
                0x08004528        0x2 zephyr/drivers/interrupt_controller/libdrivers__interrupt_controller.a(intc_gpio_stm32.c.obj)
 .rodata.line_range_4.2
                0x0800452a        0x2 zephyr/drivers/interrupt_controller/libdrivers__interrupt_controller.a(intc_gpio_stm32.c.obj)
 .rodata.line_range_3.3
                0x0800452c        0x2 zephyr/drivers/interrupt_controller/libdrivers__interrupt_controller.a(intc_gpio_stm32.c.obj)
 .rodata.line_range_2.4
                0x0800452e        0x2 zephyr/drivers/interrupt_controller/libdrivers__interrupt_controller.a(intc_gpio_stm32.c.obj)
 .rodata.line_range_1.5
                0x08004530        0x2 zephyr/drivers/interrupt_controller/libdrivers__interrupt_controller.a(intc_gpio_stm32.c.obj)
 .rodata.line_range_0.6
                0x08004532        0x2 zephyr/drivers/interrupt_controller/libdrivers__interrupt_controller.a(intc_gpio_stm32.c.obj)
 .rodata.str1.1
                0x08004534        0x0 zephyr/drivers/interrupt_controller/libdrivers__interrupt_controller.a(intc_exti_stm32.c.obj)
                                 0x1e (size before relaxing)
 .rodata.str1.1
                0x08004534        0x0 zephyr/drivers/clock_control/libdrivers__clock_control.a(clock_stm32_ll_common.c.obj)
                                  0xd (size before relaxing)
 .rodata.str1.1
                0x08004534        0x0 zephyr/drivers/gpio/libdrivers__gpio.a(gpio_stm32.c.obj)
                                 0x38 (size before relaxing)
 .rodata.str1.1
                0x08004534        0x0 zephyr/drivers/reset/libdrivers__reset.a(reset_stm32.c.obj)
                                 0x11 (size before relaxing)
 .rodata.str1.1
                0x08004534        0x0 zephyr/drivers/serial/libdrivers__serial.a(uart_stm32.c.obj)
                                 0x10 (size before relaxing)
 .rodata.z_cstart.str1.1
                0x08004534        0x0 zephyr/kernel/libkernel.a(init.c.obj)
                                  0x5 (size before relaxing)
 .rodata.boot_banner.str1.1
                0x08004534        0x0 zephyr/kernel/libkernel.a(banner.c.obj)
                                 0x3b (size before relaxing)
 .rodata.vfprintf.str1.1
                0x08004534        0x0 /Users/andriasworld/Programming/iot-engineering/PlantCare/build/modules/picolibc/libc.a(vflprintf.c.obj)
                                  0xf (size before relaxing)
 *(SORT_BY_ALIGNMENT(.gnu.linkonce.r.*))
                0x08004534                        . = ALIGN (0x4)

/DISCARD/
 *(SORT_BY_ALIGNMENT(.eh_frame))
                0x08004534                        __rodata_region_end = .
                0x08004540                        . = ALIGN (_region_min_align)
                0x08008000                        . = ALIGN ((0x1 << LOG2CEIL ((__rodata_region_end - ADDR (rom_start)))))
                0x08008000                        __rom_region_end = ((__rom_region_start + .) - ADDR (rom_start))
                0x00008000                        __rom_region_size = (__rom_region_end - __rom_region_start)

/DISCARD/
 *(SORT_BY_ALIGNMENT(.got.plt))
 *(SORT_BY_ALIGNMENT(.igot.plt))
 *(SORT_BY_ALIGNMENT(.got))
 *(SORT_BY_ALIGNMENT(.igot))
                0x20000000                        . = 0x20000000
                0x20000000                        . = ALIGN (_region_min_align)
                0x20000000                        _image_ram_start = .

.ramfunc        0x20000000        0x0 load address 0x08004534
                0x20000000                        __ramfunc_region_start = .
                0x20000000                        . = ALIGN (_region_min_align)
                0x20000000                        . = ALIGN ((0x1 << LOG2CEIL (__ramfunc_size)))
                0x20000000                        __ramfunc_start = .
 *(SORT_BY_ALIGNMENT(.ramfunc))
 *(SORT_BY_ALIGNMENT(.ramfunc.*))
                0x20000000                        . = ALIGN (_region_min_align)
                0x20000000                        . = ALIGN ((0x1 << LOG2CEIL (__ramfunc_size)))
                0x20000000                        __ramfunc_end = .
                0x00000000                        __ramfunc_size = (__ramfunc_end - __ramfunc_start)
                0x08004534                        __ramfunc_load_start = LOADADDR (.ramfunc)

datas           0x20000000       0x44 load address 0x08004534
                0x20000000                        __data_region_start = .
                0x20000000                        __data_start = .
 *(SORT_BY_ALIGNMENT(.data))
 *(SORT_BY_ALIGNMENT(.data.*))
 .data._char_out
                0x20000000        0x4 zephyr/libzephyr.a(printk.c.obj)
 .data.__stdout
                0x20000004       0x10 zephyr/lib/libc/picolibc/liblib__libc__picolibc.a(stdio.c.obj)
 .data.uart_stm32_data_0
                0x20000014        0x8 zephyr/drivers/serial/libdrivers__serial.a(uart_stm32.c.obj)
 .data.uart_cfg_0
                0x2000001c        0x8 zephyr/drivers/serial/libdrivers__serial.a(uart_stm32.c.obj)
 .data.SystemCoreClock
                0x20000024        0x4 modules/hal_stm32/stm32cube/lib..__modules__hal__stm32__stm32cube.a(system_stm32wlxx.c.obj)
                0x20000024                SystemCoreClock
 .data.slice_ticks
                0x20000028        0x4 zephyr/kernel/libkernel.a(timeslicing.c.obj)
 .data.timeout_list
                0x2000002c        0x8 zephyr/kernel/libkernel.a(timeout.c.obj)
 .data.exti_irq_table
                0x20000034       0x10 zephyr/drivers/interrupt_controller/libdrivers__interrupt_controller.a(intc_gpio_stm32.c.obj)
 *(SORT_BY_ALIGNMENT(.kernel.*))
                0x20000044                        __data_end = .
                0x00000044                        __data_size = (__data_end - __data_start)
                0x08004534                        __data_load_start = LOADADDR (datas)
                0x08004534                        __data_region_load_start = LOADADDR (datas)

device_states   0x20000044       0x10 load address 0x08004578
                0x20000044                        . = ALIGN (0x4)
                0x20000044                        __device_states_start = .
 *(SORT_BY_ALIGNMENT(.z_devstate))
 .z_devstate    0x20000044        0x2 zephyr/drivers/interrupt_controller/libdrivers__interrupt_controller.a(intc_exti_stm32.c.obj)
 .z_devstate    0x20000046        0x2 zephyr/drivers/clock_control/libdrivers__clock_control.a(clock_stm32_ll_common.c.obj)
 .z_devstate    0x20000048        0x8 zephyr/drivers/gpio/libdrivers__gpio.a(gpio_stm32.c.obj)
 .z_devstate    0x20000050        0x2 zephyr/drivers/reset/libdrivers__reset.a(reset_stm32.c.obj)
 .z_devstate    0x20000052        0x2 zephyr/drivers/serial/libdrivers__serial.a(uart_stm32.c.obj)
 *(SORT_BY_ALIGNMENT(.z_devstate.*))
                0x20000054                        __device_states_end = .
                0x20000054                        . = ALIGN (0x4)

log_mpsc_pbuf_area
                0x20000054        0x0 load address 0x08004588
                0x20000054                        _log_mpsc_pbuf_list_start = .
 *(SORT_BY_NAME(SORT_BY_ALIGNMENT(._log_mpsc_pbuf.static.*)))
                0x20000054                        _log_mpsc_pbuf_list_end = .

log_msg_ptr_area
                0x20000054        0x0 load address 0x08004588
                0x20000054                        _log_msg_ptr_list_start = .
 *(SORT_BY_NAME(SORT_BY_ALIGNMENT(._log_msg_ptr.static.*)))
                0x20000054                        _log_msg_ptr_list_end = .

log_dynamic_area
                0x20000054        0x0 load address 0x08004588
                0x20000054                        _log_dynamic_list_start = .
 *(SORT_BY_NAME(SORT_BY_ALIGNMENT(._log_dynamic.static.*)))
                0x20000054                        _log_dynamic_list_end = .

k_timer_area    0x20000054        0x0 load address 0x08004588
                0x20000054                        _k_timer_list_start = .
 *(SORT_BY_NAME(SORT_BY_ALIGNMENT(._k_timer.static.*)))
                0x20000054                        _k_timer_list_end = .

k_mem_slab_area
                0x20000054        0x0 load address 0x08004588
                0x20000054                        _k_mem_slab_list_start = .
 *(SORT_BY_NAME(SORT_BY_ALIGNMENT(._k_mem_slab.static.*)))
                0x20000054                        _k_mem_slab_list_end = .

k_heap_area     0x20000054        0x0 load address 0x08004588
                0x20000054                        _k_heap_list_start = .
 *(SORT_BY_NAME(SORT_BY_ALIGNMENT(._k_heap.static.*)))
                0x20000054                        _k_heap_list_end = .

k_mutex_area    0x20000054        0x0 load address 0x08004588
                0x20000054                        _k_mutex_list_start = .
 *(SORT_BY_NAME(SORT_BY_ALIGNMENT(._k_mutex.static.*)))
                0x20000054                        _k_mutex_list_end = .

k_stack_area    0x20000054        0x0 load address 0x08004588
                0x20000054                        _k_stack_list_start = .
 *(SORT_BY_NAME(SORT_BY_ALIGNMENT(._k_stack.static.*)))
                0x20000054                        _k_stack_list_end = .

k_msgq_area     0x20000054        0x0 load address 0x08004588
                0x20000054                        _k_msgq_list_start = .
 *(SORT_BY_NAME(SORT_BY_ALIGNMENT(._k_msgq.static.*)))
                0x20000054                        _k_msgq_list_end = .

k_mbox_area     0x20000054        0x0 load address 0x08004588
                0x20000054                        _k_mbox_list_start = .
 *(SORT_BY_NAME(SORT_BY_ALIGNMENT(._k_mbox.static.*)))
                0x20000054                        _k_mbox_list_end = .

k_pipe_area     0x20000054        0x0 load address 0x08004588
                0x20000054                        _k_pipe_list_start = .
 *(SORT_BY_NAME(SORT_BY_ALIGNMENT(._k_pipe.static.*)))
                0x20000054                        _k_pipe_list_end = .

k_sem_area      0x20000054        0x0 load address 0x08004588
                0x20000054                        _k_sem_list_start = .
 *(SORT_BY_NAME(SORT_BY_ALIGNMENT(._k_sem.static.*)))
                0x20000054                        _k_sem_list_end = .

k_event_area    0x20000054        0x0 load address 0x08004588
                0x20000054                        _k_event_list_start = .
 *(SORT_BY_NAME(SORT_BY_ALIGNMENT(._k_event.static.*)))
                0x20000054                        _k_event_list_end = .

k_queue_area    0x20000054        0x0 load address 0x08004588
                0x20000054                        _k_queue_list_start = .
 *(SORT_BY_NAME(SORT_BY_ALIGNMENT(._k_queue.static.*)))
                0x20000054                        _k_queue_list_end = .

k_fifo_area     0x20000054        0x0 load address 0x08004588
                0x20000054                        _k_fifo_list_start = .
 *(SORT_BY_NAME(SORT_BY_ALIGNMENT(._k_fifo.static.*)))
                0x20000054                        _k_fifo_list_end = .

k_lifo_area     0x20000054        0x0 load address 0x08004588
                0x20000054                        _k_lifo_list_start = .
 *(SORT_BY_NAME(SORT_BY_ALIGNMENT(._k_lifo.static.*)))
                0x20000054                        _k_lifo_list_end = .

k_condvar_area  0x20000054        0x0 load address 0x08004588
                0x20000054                        _k_condvar_list_start = .
 *(SORT_BY_NAME(SORT_BY_ALIGNMENT(._k_condvar.static.*)))
                0x20000054                        _k_condvar_list_end = .

sys_mem_blocks_ptr_area
                0x20000054        0x0 load address 0x08004588
                0x20000054                        _sys_mem_blocks_ptr_list_start = .
 *(SORT_BY_NAME(SORT_BY_ALIGNMENT(._sys_mem_blocks_ptr.static.*)))
                0x20000054                        _sys_mem_blocks_ptr_list_end = .

net_buf_pool_area
                0x20000054        0x0 load address 0x08004588
                0x20000054                        _net_buf_pool_list_start = .
 *(SORT_BY_NAME(SORT_BY_ALIGNMENT(._net_buf_pool.static.*)))
                0x20000054                        _net_buf_pool_list_end = .
                0x20000054                        __data_region_end = .

.intList        0xffff8000       0x78
 *(SORT_BY_ALIGNMENT(.irq_info*))
 .irq_info      0xffff8000        0x8 zephyr/arch/common/libisr_tables.a(isr_tables.c.obj)
                0xffff8000                _iheader
 *(SORT_BY_ALIGNMENT(.intList*))
 .intList       0xffff8008       0x70 zephyr/drivers/interrupt_controller/libdrivers__interrupt_controller.a(intc_gpio_stm32.c.obj)

.stab
 *(SORT_BY_ALIGNMENT(.stab))

.stabstr
 *(SORT_BY_ALIGNMENT(.stabstr))

.stab.excl
 *(SORT_BY_ALIGNMENT(.stab.excl))

.stab.exclstr
 *(SORT_BY_ALIGNMENT(.stab.exclstr))

.stab.index
 *(SORT_BY_ALIGNMENT(.stab.index))

.stab.indexstr
 *(SORT_BY_ALIGNMENT(.stab.indexstr))

.gnu.build.attributes
 *(SORT_BY_ALIGNMENT(.gnu.build.attributes) SORT_BY_ALIGNMENT(.gnu.build.attributes.*))

.comment        0x00000000       0x12
 *(SORT_BY_ALIGNMENT(.comment))
 .comment       0x00000000       0x12 zephyr/CMakeFiles/offsets.dir/./arch/arm/core/offsets/offsets.c.obj
                                 0x13 (size before relaxing)
 .comment       0x00000012        0x0 app/libapp.a(main.c.obj)
                                 0x13 (size before relaxing)
 .comment       0x00000012        0x0 zephyr/libzephyr.a(heap.c.obj)
                                 0x13 (size before relaxing)
 .comment       0x00000012        0x0 zephyr/libzephyr.a(printk.c.obj)
                                 0x13 (size before relaxing)
 .comment       0x00000012        0x0 zephyr/libzephyr.a(thread_entry.c.obj)
                                 0x13 (size before relaxing)
 .comment       0x00000012        0x0 zephyr/libzephyr.a(last_section_id.c.obj)
                                 0x13 (size before relaxing)
 .comment       0x00000012        0x0 zephyr/libzephyr.a(configs.c.obj)
                                 0x13 (size before relaxing)
 .comment       0x00000012        0x0 zephyr/libzephyr.a(soc_config.c.obj)
                                 0x13 (size before relaxing)
 .comment       0x00000012        0x0 zephyr/libzephyr.a(stm32_backup_domain.c.obj)
                                 0x13 (size before relaxing)
 .comment       0x00000012        0x0 zephyr/libzephyr.a(soc.c.obj)
                                 0x13 (size before relaxing)
 .comment       0x00000012        0x0 zephyr/libzephyr.a(mem_attr.c.obj)
                                 0x13 (size before relaxing)
 .comment       0x00000012        0x0 zephyr/arch/common/libarch__common.a(init.c.obj)
                                 0x13 (size before relaxing)
 .comment       0x00000012        0x0 zephyr/arch/common/libarch__common.a(xip.c.obj)
                                 0x13 (size before relaxing)
 .comment       0x00000012        0x0 zephyr/arch/arch/arm/core/libarch__arm__core.a(fatal.c.obj)
                                 0x13 (size before relaxing)
 .comment       0x00000012        0x0 zephyr/arch/arch/arm/core/libarch__arm__core.a(nmi.c.obj)
                                 0x13 (size before relaxing)
 .comment       0x00000012        0x0 zephyr/arch/arch/arm/core/cortex_m/libarch__arm__core__cortex_m.a(exc_exit.c.obj)
                                 0x13 (size before relaxing)